Archive member included to satisfy reference by file (symbol)

c:/program files (x86)/atmel/studio/7.0/toolchain/arm/arm-gnu-toolchain/bin/../lib/gcc/arm-none-eabi/6.3.1/../../../../arm-none-eabi/lib/thumb/v7e-m\libm.a(lib_a-s_sin.o)
                              src/app/app.o (sin)
c:/program files (x86)/atmel/studio/7.0/toolchain/arm/arm-gnu-toolchain/bin/../lib/gcc/arm-none-eabi/6.3.1/../../../../arm-none-eabi/lib/thumb/v7e-m\libm.a(lib_a-e_rem_pio2.o)
                              c:/program files (x86)/atmel/studio/7.0/toolchain/arm/arm-gnu-toolchain/bin/../lib/gcc/arm-none-eabi/6.3.1/../../../../arm-none-eabi/lib/thumb/v7e-m\libm.a(lib_a-s_sin.o) (__ieee754_rem_pio2)
c:/program files (x86)/atmel/studio/7.0/toolchain/arm/arm-gnu-toolchain/bin/../lib/gcc/arm-none-eabi/6.3.1/../../../../arm-none-eabi/lib/thumb/v7e-m\libm.a(lib_a-k_cos.o)
                              c:/program files (x86)/atmel/studio/7.0/toolchain/arm/arm-gnu-toolchain/bin/../lib/gcc/arm-none-eabi/6.3.1/../../../../arm-none-eabi/lib/thumb/v7e-m\libm.a(lib_a-s_sin.o) (__kernel_cos)
c:/program files (x86)/atmel/studio/7.0/toolchain/arm/arm-gnu-toolchain/bin/../lib/gcc/arm-none-eabi/6.3.1/../../../../arm-none-eabi/lib/thumb/v7e-m\libm.a(lib_a-k_rem_pio2.o)
                              c:/program files (x86)/atmel/studio/7.0/toolchain/arm/arm-gnu-toolchain/bin/../lib/gcc/arm-none-eabi/6.3.1/../../../../arm-none-eabi/lib/thumb/v7e-m\libm.a(lib_a-e_rem_pio2.o) (__kernel_rem_pio2)
c:/program files (x86)/atmel/studio/7.0/toolchain/arm/arm-gnu-toolchain/bin/../lib/gcc/arm-none-eabi/6.3.1/../../../../arm-none-eabi/lib/thumb/v7e-m\libm.a(lib_a-k_sin.o)
                              c:/program files (x86)/atmel/studio/7.0/toolchain/arm/arm-gnu-toolchain/bin/../lib/gcc/arm-none-eabi/6.3.1/../../../../arm-none-eabi/lib/thumb/v7e-m\libm.a(lib_a-s_sin.o) (__kernel_sin)
c:/program files (x86)/atmel/studio/7.0/toolchain/arm/arm-gnu-toolchain/bin/../lib/gcc/arm-none-eabi/6.3.1/../../../../arm-none-eabi/lib/thumb/v7e-m\libm.a(lib_a-s_fabs.o)
                              c:/program files (x86)/atmel/studio/7.0/toolchain/arm/arm-gnu-toolchain/bin/../lib/gcc/arm-none-eabi/6.3.1/../../../../arm-none-eabi/lib/thumb/v7e-m\libm.a(lib_a-e_rem_pio2.o) (fabs)
c:/program files (x86)/atmel/studio/7.0/toolchain/arm/arm-gnu-toolchain/bin/../lib/gcc/arm-none-eabi/6.3.1/../../../../arm-none-eabi/lib/thumb/v7e-m\libm.a(lib_a-s_floor.o)
                              c:/program files (x86)/atmel/studio/7.0/toolchain/arm/arm-gnu-toolchain/bin/../lib/gcc/arm-none-eabi/6.3.1/../../../../arm-none-eabi/lib/thumb/v7e-m\libm.a(lib_a-k_rem_pio2.o) (floor)
c:/program files (x86)/atmel/studio/7.0/toolchain/arm/arm-gnu-toolchain/bin/../lib/gcc/arm-none-eabi/6.3.1/../../../../arm-none-eabi/lib/thumb/v7e-m\libm.a(lib_a-s_scalbn.o)
                              c:/program files (x86)/atmel/studio/7.0/toolchain/arm/arm-gnu-toolchain/bin/../lib/gcc/arm-none-eabi/6.3.1/../../../../arm-none-eabi/lib/thumb/v7e-m\libm.a(lib_a-k_rem_pio2.o) (scalbn)
c:/program files (x86)/atmel/studio/7.0/toolchain/arm/arm-gnu-toolchain/bin/../lib/gcc/arm-none-eabi/6.3.1/../../../../arm-none-eabi/lib/thumb/v7e-m\libm.a(lib_a-s_copysign.o)
                              c:/program files (x86)/atmel/studio/7.0/toolchain/arm/arm-gnu-toolchain/bin/../lib/gcc/arm-none-eabi/6.3.1/../../../../arm-none-eabi/lib/thumb/v7e-m\libm.a(lib_a-s_scalbn.o) (copysign)
c:/program files (x86)/atmel/studio/7.0/toolchain/arm/arm-gnu-toolchain/bin/../lib/gcc/arm-none-eabi/6.3.1/../../../../arm-none-eabi/lib/thumb/v7e-m\libc_nano.a(lib_a-exit.o)
                              c:/program files (x86)/atmel/studio/7.0/toolchain/arm/arm-gnu-toolchain/bin/../lib/gcc/arm-none-eabi/6.3.1/../../../../arm-none-eabi/lib/thumb/v7e-m/crt0.o (exit)
c:/program files (x86)/atmel/studio/7.0/toolchain/arm/arm-gnu-toolchain/bin/../lib/gcc/arm-none-eabi/6.3.1/../../../../arm-none-eabi/lib/thumb/v7e-m\libc_nano.a(lib_a-fflush.o)
                              src/app/uart_cli.o (fflush)
c:/program files (x86)/atmel/studio/7.0/toolchain/arm/arm-gnu-toolchain/bin/../lib/gcc/arm-none-eabi/6.3.1/../../../../arm-none-eabi/lib/thumb/v7e-m\libc_nano.a(lib_a-findfp.o)
                              c:/program files (x86)/atmel/studio/7.0/toolchain/arm/arm-gnu-toolchain/bin/../lib/gcc/arm-none-eabi/6.3.1/../../../../arm-none-eabi/lib/thumb/v7e-m\libc_nano.a(lib_a-fflush.o) (__sinit)
c:/program files (x86)/atmel/studio/7.0/toolchain/arm/arm-gnu-toolchain/bin/../lib/gcc/arm-none-eabi/6.3.1/../../../../arm-none-eabi/lib/thumb/v7e-m\libc_nano.a(lib_a-fwalk.o)
                              c:/program files (x86)/atmel/studio/7.0/toolchain/arm/arm-gnu-toolchain/bin/../lib/gcc/arm-none-eabi/6.3.1/../../../../arm-none-eabi/lib/thumb/v7e-m\libc_nano.a(lib_a-findfp.o) (_fwalk)
c:/program files (x86)/atmel/studio/7.0/toolchain/arm/arm-gnu-toolchain/bin/../lib/gcc/arm-none-eabi/6.3.1/../../../../arm-none-eabi/lib/thumb/v7e-m\libc_nano.a(lib_a-impure.o)
[...]
Memory Configuration

Name             Origin             Length             Attributes
rom              0x00400000         0x00080000         xr
ram              0x20000000         0x00028000         xrw
*default*        0x00000000         0xffffffff

Linker script and memory map

LOAD c:/program files (x86)/atmel/studio/7.0/toolchain/arm/arm-gnu-toolchain/bin/../lib/gcc/arm-none-eabi/6.3.1/thumb/v7e-m/crti.o
LOAD c:/program files (x86)/atmel/studio/7.0/toolchain/arm/arm-gnu-toolchain/bin/../lib/gcc/arm-none-eabi/6.3.1/thumb/v7e-m/crtbegin.o
LOAD c:/program files (x86)/atmel/studio/7.0/toolchain/arm/arm-gnu-toolchain/bin/../lib/gcc/arm-none-eabi/6.3.1/../../../../arm-none-eabi/lib/thumb/v7e-m/crt0.o
LOAD src/app/app.o
LOAD src/app/uart_cli.o
LOAD src/ASF/common/services/serial/usart_serial.o
LOAD src/ASF/common/sleepmgr/sam/sleepmgr.o
LOAD src/ASF/common/utils/stdio/read.o
LOAD src/ASF/common/utils/stdio/write.o
LOAD src/ASF/sam/drivers/adc/adc2.o
LOAD src/ASF/sam/drivers/flexcom/flexcom.o
LOAD src/ASF/sam/drivers/pio/pio.o
LOAD src/ASF/sam/drivers/pio/pio_handler.o
LOAD src/ASF/sam/drivers/tc/tc.o
LOAD src/ASF/sam/drivers/usart/usart.o
LOAD src/ASF/thirdparty/freertos/freertos-7.3.0/source/FreeRTOS_CLI.o
LOAD src/ASF/thirdparty/freertos/freertos-7.3.0/source/list.o
LOAD src/ASF/thirdparty/freertos/freertos-7.3.0/source/portable/gcc/sam_cm4f/port.o
LOAD src/ASF/thirdparty/freertos/freertos-7.3.0/source/portable/memmang/heap_4.o
LOAD src/ASF/thirdparty/freertos/freertos-7.3.0/source/queue.o
LOAD src/ASF/thirdparty/freertos/freertos-7.3.0/source/tasks.o
LOAD src/ASF/thirdparty/freertos/freertos-7.3.0/source/timers.o
LOAD src/bsp/board_init.o
LOAD src/bsp/board_init_exemple.o
LOAD src/ASF/common/services/clock/samg/sysclk.o
LOAD src/ASF/common/utils/interrupt/interrupt_sam_nvic.o
LOAD src/ASF/sam/drivers/efc/efc.o
LOAD src/ASF/sam/drivers/pmc/pmc.o
LOAD src/ASF/sam/drivers/pmc/sleep.o
LOAD src/ASF/sam/drivers/supc/supc.o
LOAD src/ASF/sam/utils/cmsis/samg/samg55/source/templates/gcc/startup_samg55.o
LOAD src/ASF/sam/utils/cmsis/samg/samg55/source/templates/system_samg55.o
LOAD src/ASF/sam/utils/syscalls/gcc/syscalls.o
LOAD src/main.o
START GROUP
LOAD ../src/ASF/thirdparty/CMSIS/Lib/GCC\libarm_cortexM4lf_math_softfp.a
LOAD c:/program files (x86)/atmel/studio/7.0/toolchain/arm/arm-gnu-toolchain/bin/../lib/gcc/arm-none-eabi/6.3.1/../../../../arm-none-eabi/lib/thumb/v7e-m\libm.a
END GROUP
LOAD c:/program files (x86)/atmel/studio/7.0/toolchain/arm/arm-gnu-toolchain/bin/../lib/gcc/arm-none-eabi/6.3.1/../../../../arm-none-eabi/lib/thumb/v7e-m\libc_nano.a
START GROUP
LOAD c:/program files (x86)/atmel/studio/7.0/toolchain/arm/arm-gnu-toolchain/bin/../lib/gcc/arm-none-eabi/6.3.1/thumb/v7e-m\libgcc.a
LOAD c:/program files (x86)/atmel/studio/7.0/toolchain/arm/arm-gnu-toolchain/bin/../lib/gcc/arm-none-eabi/6.3.1/../../../../arm-none-eabi/lib/thumb/v7e-m\libc_nano.a
END GROUP
START GROUP
LOAD c:/program files (x86)/atmel/studio/7.0/toolchain/arm/arm-gnu-toolchain/bin/../lib/gcc/arm-none-eabi/6.3.1/thumb/v7e-m\libgcc.a
LOAD c:/program files (x86)/atmel/studio/7.0/toolchain/arm/arm-gnu-toolchain/bin/../lib/gcc/arm-none-eabi/6.3.1/../../../../arm-none-eabi/lib/thumb/v7e-m\libc_nano.a
END GROUP
LOAD c:/program files (x86)/atmel/studio/7.0/toolchain/arm/arm-gnu-toolchain/bin/../lib/gcc/arm-none-eabi/6.3.1/thumb/v7e-m/crtend.o
LOAD c:/program files (x86)/atmel/studio/7.0/toolchain/arm/arm-gnu-toolchain/bin/../lib/gcc/arm-none-eabi/6.3.1/thumb/v7e-m/crtn.o
                0x00003000                __stack_size__ = DEFINED (__stack_size__)?__stack_size__:0x3000
                0x20027ffc                __ram_end__ = ((ORIGIN (ram) + LENGTH (ram)) - 0x4)

.text           0x00400000     0x6ea4
                0x00400000                . = ALIGN (0x4)
                0x00400000                _sfixed = .
 *(.vectors .vectors.*)
 .vectors       0x00400000      0x148 src/ASF/sam/utils/cmsis/samg/samg55/source/templates/gcc/startup_samg55.o
                0x00400000                exception_table
 *(.text .text.* .gnu.linkonce.t.*)
 .text          0x00400148       0x6c c:/program files (x86)/atmel/studio/7.0/toolchain/arm/arm-gnu-toolchain/bin/../lib/gcc/arm-none-eabi/6.3.1/thumb/v7e-m/crtbegin.o
 *fill*         0x004001b4        0x4 
 .text.adc_end_conversion
                0x004001b8       0x78 src/app/app.o
 .text.app_run  0x00400230        0xc src/app/app.o
                0x00400230                app_run
 .text.app_init_tc
                0x0040023c       0x54 src/app/app.o
                0x0040023c                app_init_tc
 .text.app_init_tc_pwm
                0x00400290      0x100 src/app/app.o
                0x00400290                app_init_tc_pwm
 .text.TC1_Handler
                0x00400390      0x130 src/app/app.o
                0x00400390                TC1_Handler
 .text.app_init_adc
                0x004004c0       0x70 src/app/app.o
                0x004004c0                app_init_adc
 .text.app_init
                0x00400530       0x24 src/app/app.o
                0x00400530                app_init
 .text.usart_serial_getchar
                0x00400554      0x104 src/app/uart_cli.o
 .text.usart_serial_putchar
                0x00400658       0xec src/app/uart_cli.o
 .text.uart_cli_init
                0x00400744       0xb0 src/app/uart_cli.o
                0x00400744                uart_cli_init
 .text.uart_cli_read_command
                0x004007f4       0x94 src/app/uart_cli.o
                0x004007f4                uart_cli_read_command
 .text._read    0x00400888       0x3c src/ASF/common/utils/stdio/read.o
                0x00400888                _read
 .text._write   0x004008c4       0x50 src/ASF/common/utils/stdio/write.o
                0x004008c4                _write
 .text.adc_get_config_defaults
                0x00400914       0x28 src/ASF/sam/drivers/adc/adc2.o
                0x00400914                adc_get_config_defaults
 .text.adc_init
                0x0040093c       0x88 src/ASF/sam/drivers/adc/adc2.o
                0x0040093c                adc_init
 .text.adc_set_resolution
                0x004009c4        0x8 src/ASF/sam/drivers/adc/adc2.o
                0x004009c4                adc_set_resolution
 .text.adc_enable_interrupt
                0x004009cc       0x18 src/ASF/sam/drivers/adc/adc2.o
                0x004009cc                adc_enable_interrupt
 .text.adc_set_callback
                0x004009e4       0x30 src/ASF/sam/drivers/adc/adc2.o
                0x004009e4                adc_set_callback
 .text.ADC_Handler
                0x00400a14       0x40 src/ASF/sam/drivers/adc/adc2.o
                0x00400a14                ADC_Handler
 .text.adc_enable
                0x00400a54       0x58 src/ASF/sam/drivers/adc/adc2.o
                0x00400a54                adc_enable
 .text.flexcom_enable
                0x00400aac      0x18c src/ASF/sam/drivers/flexcom/flexcom.o
                0x00400aac                flexcom_enable
 .text.flexcom_set_opmode
                0x00400c38        0x4 src/ASF/sam/drivers/flexcom/flexcom.o
                0x00400c38                flexcom_set_opmode
 .text.pio_get_interrupt_status
                0x00400c3c        0x4 src/ASF/sam/drivers/pio/pio.o
                0x00400c3c                pio_get_interrupt_status
 .text.pio_get_interrupt_mask
                0x00400c40        0x4 src/ASF/sam/drivers/pio/pio.o
                0x00400c40                pio_get_interrupt_mask
 .text.pio_handler_process
                0x00400c44       0x50 src/ASF/sam/drivers/pio/pio_handler.o
                0x00400c44                pio_handler_process
 .text.PIOA_Handler
                0x00400c94       0x14 src/ASF/sam/drivers/pio/pio_handler.o
                0x00400c94                PIOA_Handler
 .text.PIOB_Handler
                0x00400ca8       0x14 src/ASF/sam/drivers/pio/pio_handler.o
                0x00400ca8                PIOB_Handler
 .text.tc_init  0x00400cbc       0x1a src/ASF/sam/drivers/tc/tc.o
                0x00400cbc                tc_init
 .text.tc_start
                0x00400cd6        0x8 src/ASF/sam/drivers/tc/tc.o
                0x00400cd6                tc_start
 .text.tc_stop  0x00400cde        0x8 src/ASF/sam/drivers/tc/tc.o
                0x00400cde                tc_stop
 .text.tc_get_status
                0x00400ce6        0x8 src/ASF/sam/drivers/tc/tc.o
                0x00400ce6                tc_get_status
 .text.tc_find_mck_divisor
                0x00400cee       0x70 src/ASF/sam/drivers/tc/tc.o
                0x00400cee                tc_find_mck_divisor
 .text.usart_set_async_baudrate
                0x00400d5e       0x5a src/ASF/sam/drivers/usart/usart.o
                0x00400d5e                usart_set_async_baudrate
 .text.usart_reset
                0x00400db8       0x28 src/ASF/sam/drivers/usart/usart.o
                0x00400db8                usart_reset
 .text.usart_init_rs232
                0x00400de0       0x54 src/ASF/sam/drivers/usart/usart.o
                0x00400de0                usart_init_rs232
 .text.usart_enable_tx
                0x00400e34        0x6 src/ASF/sam/drivers/usart/usart.o
                0x00400e34                usart_enable_tx
 .text.usart_enable_rx
                0x00400e3a        0x6 src/ASF/sam/drivers/usart/usart.o
                0x00400e3a                usart_enable_rx
 .text.usart_write
                0x00400e40       0x14 src/ASF/sam/drivers/usart/usart.o
                0x00400e40                usart_write
 .text.usart_read
                0x00400e54       0x18 src/ASF/sam/drivers/usart/usart.o
                0x00400e54                usart_read
 .text.vListInsertEnd
                0x00400e6c       0x1c src/ASF/thirdparty/freertos/freertos-7.3.0/source/list.o
                0x00400e6c                vListInsertEnd
 .text.uxListRemove
                0x00400e88       0x26 src/ASF/thirdparty/freertos/freertos-7.3.0/source/list.o
                0x00400e88                uxListRemove
 *fill*         0x00400eae        0x2 
 .text.SVC_Handler
                0x00400eb0       0x1c src/ASF/thirdparty/freertos/freertos-7.3.0/source/portable/gcc/sam_cm4f/port.o
                0x00400eb0                SVC_Handler
 .text.ulPortSetInterruptMask
                0x00400ecc       0x10 src/ASF/thirdparty/freertos/freertos-7.3.0/source/portable/gcc/sam_cm4f/port.o
                0x00400ecc                ulPortSetInterruptMask
 .text.vPortClearInterruptMask
                0x00400edc        0x6 src/ASF/thirdparty/freertos/freertos-7.3.0/source/portable/gcc/sam_cm4f/port.o
                0x00400edc                vPortClearInterruptMask
 *fill*         0x00400ee2        0x2 
 .text.PendSV_Handler
                0x00400ee4       0x50 src/ASF/thirdparty/freertos/freertos-7.3.0/source/portable/gcc/sam_cm4f/port.o
                0x00400ee4                PendSV_Handler
 .text.SysTick_Handler
                0x00400f34       0x2c src/ASF/thirdparty/freertos/freertos-7.3.0/source/portable/gcc/sam_cm4f/port.o
                0x00400f34                SysTick_Handler
 .text.vTaskIncrementTick
                0x00400f60      0x128 src/ASF/thirdparty/freertos/freertos-7.3.0/source/tasks.o
                0x00400f60                vTaskIncrementTick
 .text.vTaskSwitchContext
                0x00401088       0xa0 src/ASF/thirdparty/freertos/freertos-7.3.0/source/tasks.o
                0x00401088                vTaskSwitchContext
 .text.board_init
                0x00401128       0x58 src/bsp/board_init.o
                0x00401128                board_init
 .text.sysclk_init
                0x00401180       0xb0 src/ASF/common/services/clock/samg/sysclk.o
                0x00401180                sysclk_init
 .text.pmc_switch_mck_to_pllack
                0x00401230       0x64 src/ASF/sam/drivers/pmc/pmc.o
                0x00401230                pmc_switch_mck_to_pllack
 .text.pmc_switch_sclk_to_32kxtal
                0x00401294       0x24 src/ASF/sam/drivers/pmc/pmc.o
                0x00401294                pmc_switch_sclk_to_32kxtal
 .text.pmc_osc_is_ready_32kxtal
                0x004012b8       0x20 src/ASF/sam/drivers/pmc/pmc.o
                0x004012b8                pmc_osc_is_ready_32kxtal
 .text.pmc_disable_pllack
                0x004012d8        0xc src/ASF/sam/drivers/pmc/pmc.o
                0x004012d8                pmc_disable_pllack
 .text.pmc_is_locked_pllack
                0x004012e4       0x10 src/ASF/sam/drivers/pmc/pmc.o
                0x004012e4                pmc_is_locked_pllack
 .text.pmc_enable_periph_clk
                0x004012f4       0x54 src/ASF/sam/drivers/pmc/pmc.o
                0x004012f4                pmc_enable_periph_clk
 .text.pmc_switch_pck_to_sclk
                0x00401348       0x38 src/ASF/sam/drivers/pmc/pmc.o
                0x00401348                pmc_switch_pck_to_sclk
 .text.pmc_switch_pck_to_mck
                0x00401380       0x3c src/ASF/sam/drivers/pmc/pmc.o
                0x00401380                pmc_switch_pck_to_mck
 .text.pmc_enable_pck
                0x004013bc       0x14 src/ASF/sam/drivers/pmc/pmc.o
                0x004013bc                pmc_enable_pck
 .text.pmc_disable_pck
                0x004013d0       0x14 src/ASF/sam/drivers/pmc/pmc.o
                0x004013d0                pmc_disable_pck
 .text.supc_set_regulator_trim_user
                0x004013e4       0x1a src/ASF/sam/drivers/supc/supc.o
                0x004013e4                supc_set_regulator_trim_user
 .text.Dummy_Handler
                0x004013fe        0x2 src/ASF/sam/utils/cmsis/samg/samg55/source/templates/gcc/startup_samg55.o
                0x004013fe                FLEXCOM1_Handler
                0x004013fe                DebugMon_Handler
                0x004013fe                HardFault_Handler
                0x004013fe                TC2_Handler
                0x004013fe                FLEXCOM4_Handler
                0x004013fe                NMI_Handler
                0x004013fe                CRCCU_Handler
                0x004013fe                RTT_Handler
                0x004013fe                FLEXCOM6_Handler
                0x004013fe                RTC_Handler
                0x004013fe                UsageFault_Handler
                0x004013fe                FLEXCOM0_Handler
                0x004013fe                PDMIC1_Handler
                0x004013fe                WDT_Handler
                0x004013fe                TC4_Handler
                0x004013fe                TC3_Handler
                0x004013fe                ARM_Handler
                0x004013fe                Dummy_Handler
                0x004013fe                MEM2MEM_Handler
                0x004013fe                PMC_Handler
                0x004013fe                PDMIC0_Handler
                0x004013fe                MemManage_Handler
                0x004013fe                SUPC_Handler
                0x004013fe                UHP_Handler
                0x004013fe                EFC_Handler
                0x004013fe                FLEXCOM7_Handler
                0x004013fe                I2SC0_Handler
                0x004013fe                I2SC1_Handler
                0x004013fe                FLEXCOM2_Handler
                0x004013fe                UDP_Handler
                0x004013fe                FLEXCOM3_Handler
                0x004013fe                BusFault_Handler
                0x004013fe                RSTC_Handler
                0x004013fe                TC0_Handler
                0x004013fe                FLEXCOM5_Handler
                0x004013fe                TC5_Handler
 .text.Reset_Handler
                0x00401400       0xdc src/ASF/sam/utils/cmsis/samg/samg55/source/templates/gcc/startup_samg55.o
                0x00401400                Reset_Handler
 .text.SystemCoreClockUpdate
                0x004014dc       0xe8 src/ASF/sam/utils/cmsis/samg/samg55/source/templates/system_samg55.o
                0x004014dc                SystemCoreClockUpdate
 .text.system_init_flash
                0x004015c4       0x74 src/ASF/sam/utils/cmsis/samg/samg55/source/templates/system_samg55.o
                0x004015c4                system_init_flash
 .text._sbrk    0x00401638       0x38 src/ASF/sam/utils/syscalls/gcc/syscalls.o
                0x00401638                _sbrk
 .text._close   0x00401670        0x6 src/ASF/sam/utils/syscalls/gcc/syscalls.o
                0x00401670                _close
 .text._fstat   0x00401676        0xa src/ASF/sam/utils/syscalls/gcc/syscalls.o
                0x00401676                _fstat
 .text._isatty  0x00401680        0x4 src/ASF/sam/utils/syscalls/gcc/syscalls.o
                0x00401680                _isatty
 .text._lseek   0x00401684        0x4 src/ASF/sam/utils/syscalls/gcc/syscalls.o
                0x00401684                _lseek
 .text.main     0x00401688       0x20 src/main.o
                0x00401688                main
 .text.sin      0x004016a8       0x88 c:/program files (x86)/atmel/studio/7.0/toolchain/arm/arm-gnu-toolchain/bin/../lib/gcc/arm-none-eabi/6.3.1/../../../../arm-none-eabi/lib/thumb/v7e-m\libm.a(lib_a-s_sin.o)
                0x004016a8                sin
 .text.__ieee754_rem_pio2
                0x00401730      0x444 c:/program files (x86)/atmel/studio/7.0/toolchain/arm/arm-gnu-toolchain/bin/../lib/gcc/arm-none-eabi/6.3.1/../../../../arm-none-eabi/lib/thumb/v7e-m\libm.a(lib_a-e_rem_pio2.o)
                0x00401730                __ieee754_rem_pio2
 *fill*         0x00401b74        0x4 
 .text.__kernel_cos
                0x00401b78      0x248 c:/program files (x86)/atmel/studio/7.0/toolchain/arm/arm-gnu-toolchain/bin/../lib/gcc/arm-none-eabi/6.3.1/../../../../arm-none-eabi/lib/thumb/v7e-m\libm.a(lib_a-k_cos.o)
                0x00401b78                __kernel_cos
 .text.__kernel_rem_pio2
                0x00401dc0      0x88c c:/program files (x86)/atmel/studio/7.0/toolchain/arm/arm-gnu-toolchain/bin/../lib/gcc/arm-none-eabi/6.3.1/../../../../arm-none-eabi/lib/thumb/v7e-m\libm.a(lib_a-k_rem_pio2.o)
                0x00401dc0                __kernel_rem_pio2
 *fill*         0x0040264c        0x4 
 .text.__kernel_sin
                0x00402650      0x16c c:/program files (x86)/atmel/studio/7.0/toolchain/arm/arm-gnu-toolchain/bin/../lib/gcc/arm-none-eabi/6.3.1/../../../../arm-none-eabi/lib/thumb/v7e-m\libm.a(lib_a-k_sin.o)
                0x00402650                __kernel_sin
 .text.fabs     0x004027bc        0x8 c:/program files (x86)/atmel/studio/7.0/toolchain/arm/arm-gnu-toolchain/bin/../lib/gcc/arm-none-eabi/6.3.1/../../../../arm-none-eabi/lib/thumb/v7e-m\libm.a(lib_a-s_fabs.o)
                0x004027bc                fabs
 *fill*         0x004027c4        0x4 
 .text.floor    0x004027c8      0x118 c:/program files (x86)/atmel/studio/7.0/toolchain/arm/arm-gnu-toolchain/bin/../lib/gcc/arm-none-eabi/6.3.1/../../../../arm-none-eabi/lib/thumb/v7e-m\libm.a(lib_a-s_floor.o)
                0x004027c8                floor
 .text.scalbn   0x004028e0       0xfc c:/program files (x86)/atmel/studio/7.0/toolchain/arm/arm-gnu-toolchain/bin/../lib/gcc/arm-none-eabi/6.3.1/../../../../arm-none-eabi/lib/thumb/v7e-m\libm.a(lib_a-s_scalbn.o)
                0x004028e0                scalbn
 .text.copysign
                0x004029dc       0x10 c:/program files (x86)/atmel/studio/7.0/toolchain/arm/arm-gnu-toolchain/bin/../lib/gcc/arm-none-eabi/6.3.1/../../../../arm-none-eabi/lib/thumb/v7e-m\libm.a(lib_a-s_copysign.o)
                0x004029dc                copysign
 .text.__sflush_r
                0x004029ec      0x110 c:/program files (x86)/atmel/studio/7.0/toolchain/arm/arm-gnu-toolchain/bin/../lib/gcc/arm-none-eabi/6.3.1/../../../../arm-none-eabi/lib/thumb/v7e-m\libc_nano.a(lib_a-fflush.o)
                0x004029ec                __sflush_r
 .text._fflush_r
                0x00402afc       0x54 c:/program files (x86)/atmel/studio/7.0/toolchain/arm/arm-gnu-toolchain/bin/../lib/gcc/arm-none-eabi/6.3.1/../../../../arm-none-eabi/lib/thumb/v7e-m\libc_nano.a(lib_a-fflush.o)
                0x00402afc                _fflush_r
 .text.fflush   0x00402b50       0x24 c:/program files (x86)/atmel/studio/7.0/toolchain/arm/arm-gnu-toolchain/bin/../lib/gcc/arm-none-eabi/6.3.1/../../../../arm-none-eabi/lib/thumb/v7e-m\libc_nano.a(lib_a-fflush.o)
                0x00402b50                fflush
 .text._cleanup_r
                0x00402b74        0xc c:/program files (x86)/atmel/studio/7.0/toolchain/arm/arm-gnu-toolchain/bin/../lib/gcc/arm-none-eabi/6.3.1/../../../../arm-none-eabi/lib/thumb/v7e-m\libc_nano.a(lib_a-findfp.o)
                0x00402b74                _cleanup_r
 .text.std.isra.0
                0x00402b80       0x48 c:/program files (x86)/atmel/studio/7.0/toolchain/arm/arm-gnu-toolchain/bin/../lib/gcc/arm-none-eabi/6.3.1/../../../../arm-none-eabi/lib/thumb/v7e-m\libc_nano.a(lib_a-findfp.o)
 .text.__sfmoreglue
                0x00402bc8       0x2c c:/program files (x86)/atmel/studio/7.0/toolchain/arm/arm-gnu-toolchain/bin/../lib/gcc/arm-none-eabi/6.3.1/../../../../arm-none-eabi/lib/thumb/v7e-m\libc_nano.a(lib_a-findfp.o)
                0x00402bc8                __sfmoreglue
 .text.__sinit  0x00402bf4       0x60 c:/program files (x86)/atmel/studio/7.0/toolchain/arm/arm-gnu-toolchain/bin/../lib/gcc/arm-none-eabi/6.3.1/../../../../arm-none-eabi/lib/thumb/v7e-m\libc_nano.a(lib_a-findfp.o)
                0x00402bf4                __sinit
 .text.__sfp    0x00402c54       0x78 c:/program files (x86)/atmel/studio/7.0/toolchain/arm/arm-gnu-toolchain/bin/../lib/gcc/arm-none-eabi/6.3.1/../../../../arm-none-eabi/lib/thumb/v7e-m\libc_nano.a(lib_a-findfp.o)
                0x00402c54                __sfp
 .text._fwalk   0x00402ccc       0x38 c:/program files (x86)/atmel/studio/7.0/toolchain/arm/arm-gnu-toolchain/bin/../lib/gcc/arm-none-eabi/6.3.1/../../../../arm-none-eabi/lib/thumb/v7e-m\libc_nano.a(lib_a-fwalk.o)
                0x00402ccc                _fwalk
 .text._fwalk_reent
                0x00402d04       0x3c c:/program files (x86)/atmel/studio/7.0/toolchain/arm/arm-gnu-toolchain/bin/../lib/gcc/arm-none-eabi/6.3.1/../../../../arm-none-eabi/lib/thumb/v7e-m\libc_nano.a(lib_a-fwalk.o)
                0x00402d04                _fwalk_reent
 .text.__libc_init_array
                0x00402d40       0x48 c:/program files (x86)/atmel/studio/7.0/toolchain/arm/arm-gnu-toolchain/bin/../lib/gcc/arm-none-eabi/6.3.1/../../../../arm-none-eabi/lib/thumb/v7e-m\libc_nano.a(lib_a-init.o)
                0x00402d40                __libc_init_array
 .text.memcpy   0x00402d88       0x16 c:/program files (x86)/atmel/studio/7.0/toolchain/arm/arm-gnu-toolchain/bin/../lib/gcc/arm-none-eabi/6.3.1/../../../../arm-none-eabi/lib/thumb/v7e-m\libc_nano.a(lib_a-memcpy-stub.o)
                0x00402d88                memcpy
 .text.memset   0x00402d9e       0x10 c:/program files (x86)/atmel/studio/7.0/toolchain/arm/arm-gnu-toolchain/bin/../lib/gcc/arm-none-eabi/6.3.1/../../../../arm-none-eabi/lib/thumb/v7e-m\libc_nano.a(lib_a-memset.o)
                0x00402d9e                memset
 *fill*         0x00402dae        0x2 
 .text._free_r  0x00402db0       0x9c c:/program files (x86)/atmel/studio/7.0/toolchain/arm/arm-gnu-toolchain/bin/../lib/gcc/arm-none-eabi/6.3.1/../../../../arm-none-eabi/lib/thumb/v7e-m\libc_nano.a(lib_a-nano-freer.o)
                0x00402db0                _free_r
 .text._malloc_r
                0x00402e4c       0xbc c:/program files (x86)/atmel/studio/7.0/toolchain/arm/arm-gnu-toolchain/bin/../lib/gcc/arm-none-eabi/6.3.1/../../../../arm-none-eabi/lib/thumb/v7e-m\libc_nano.a(lib_a-nano-mallocr.o)
                0x00402e4c                _malloc_r
 .text.__cvt    0x00402f08       0xb8 c:/program files (x86)/atmel/studio/7.0/toolchain/arm/arm-gnu-toolchain/bin/../lib/gcc/arm-none-eabi/6.3.1/../../../../arm-none-eabi/lib/thumb/v7e-m\libc_nano.a(lib_a-nano-vfprintf_float.o)
                0x00402f08                __cvt
 .text.__exponent
                0x00402fc0       0x6a c:/program files (x86)/atmel/studio/7.0/toolchain/arm/arm-gnu-toolchain/bin/../lib/gcc/arm-none-eabi/6.3.1/../../../../arm-none-eabi/lib/thumb/v7e-m\libc_nano.a(lib_a-nano-vfprintf_float.o)
                0x00402fc0                __exponent
 *fill*         0x0040302a        0x2 
 .text._printf_float
                0x0040302c      0x470 c:/program files (x86)/atmel/studio/7.0/toolchain/arm/arm-gnu-toolchain/bin/../lib/gcc/arm-none-eabi/6.3.1/../../../../arm-none-eabi/lib/thumb/v7e-m\libc_nano.a(lib_a-nano-vfprintf_float.o)
                0x0040302c                _printf_float
 .text._printf_common
                0x0040349c       0xec c:/program files (x86)/atmel/studio/7.0/toolchain/arm/arm-gnu-toolchain/bin/../lib/gcc/arm-none-eabi/6.3.1/../../../../arm-none-eabi/lib/thumb/v7e-m\libc_nano.a(lib_a-nano-vfprintf_i.o)
                0x0040349c                _printf_common
 .text._printf_i
                0x00403588      0x240 c:/program files (x86)/atmel/studio/7.0/toolchain/arm/arm-gnu-toolchain/bin/../lib/gcc/arm-none-eabi/6.3.1/../../../../arm-none-eabi/lib/thumb/v7e-m\libc_nano.a(lib_a-nano-vfprintf_i.o)
                0x00403588                _printf_i
 .text.printf   0x004037c8       0x30 c:/program files (x86)/atmel/studio/7.0/toolchain/arm/arm-gnu-toolchain/bin/../lib/gcc/arm-none-eabi/6.3.1/../../../../arm-none-eabi/lib/thumb/v7e-m\libc_nano.a(lib_a-printf.o)
                0x004037c8                iprintf
                0x004037c8                printf
 .text._sbrk_r  0x004037f8       0x20 c:/program files (x86)/atmel/studio/7.0/toolchain/arm/arm-gnu-toolchain/bin/../lib/gcc/arm-none-eabi/6.3.1/../../../../arm-none-eabi/lib/thumb/v7e-m\libc_nano.a(lib_a-sbrkr.o)
                0x004037f8                _sbrk_r
 .text.scanf    0x00403818       0x30 c:/program files (x86)/atmel/studio/7.0/toolchain/arm/arm-gnu-toolchain/bin/../lib/gcc/arm-none-eabi/6.3.1/../../../../arm-none-eabi/lib/thumb/v7e-m\libc_nano.a(lib_a-scanf.o)
                0x00403818                scanf
                0x00403818                iscanf
 .text.setbuf   0x00403848       0x10 c:/program files (x86)/atmel/studio/7.0/toolchain/arm/arm-gnu-toolchain/bin/../lib/gcc/arm-none-eabi/6.3.1/../../../../arm-none-eabi/lib/thumb/v7e-m\libc_nano.a(lib_a-setbuf.o)
                0x00403848                setbuf
 .text.setvbuf  0x00403858      0x15c c:/program files (x86)/atmel/studio/7.0/toolchain/arm/arm-gnu-toolchain/bin/../lib/gcc/arm-none-eabi/6.3.1/../../../../arm-none-eabi/lib/thumb/v7e-m\libc_nano.a(lib_a-setvbuf.o)
                0x00403858                setvbuf
 .text.__sread  0x004039b4       0x22 c:/program files (x86)/atmel/studio/7.0/toolchain/arm/arm-gnu-toolchain/bin/../lib/gcc/arm-none-eabi/6.3.1/../../../../arm-none-eabi/lib/thumb/v7e-m\libc_nano.a(lib_a-stdio.o)
                0x004039b4                __sread
 .text.__swrite
                0x004039d6       0x38 c:/program files (x86)/atmel/studio/7.0/toolchain/arm/arm-gnu-toolchain/bin/../lib/gcc/arm-none-eabi/6.3.1/../../../../arm-none-eabi/lib/thumb/v7e-m\libc_nano.a(lib_a-stdio.o)
                0x004039d6                __swrite
 .text.__sseek  0x00403a0e       0x24 c:/program files (x86)/atmel/studio/7.0/toolchain/arm/arm-gnu-toolchain/bin/../lib/gcc/arm-none-eabi/6.3.1/../../../../arm-none-eabi/lib/thumb/v7e-m\libc_nano.a(lib_a-stdio.o)
                0x00403a0e                __sseek
 .text.__sclose
                0x00403a32        0x8 c:/program files (x86)/atmel/studio/7.0/toolchain/arm/arm-gnu-toolchain/bin/../lib/gcc/arm-none-eabi/6.3.1/../../../../arm-none-eabi/lib/thumb/v7e-m\libc_nano.a(lib_a-stdio.o)
                0x00403a32                __sclose
 .text          0x00403a3a       0x10 c:/program files (x86)/atmel/studio/7.0/toolchain/arm/arm-gnu-toolchain/bin/../lib/gcc/arm-none-eabi/6.3.1/../../../../arm-none-eabi/lib/thumb/v7e-m\libc_nano.a(lib_a-strlen.o)
                0x00403a3a                strlen
 *fill*         0x00403a4a        0x2 
 .text._write_r
                0x00403a4c       0x24 c:/program files (x86)/atmel/studio/7.0/toolchain/arm/arm-gnu-toolchain/bin/../lib/gcc/arm-none-eabi/6.3.1/../../../../arm-none-eabi/lib/thumb/v7e-m\libc_nano.a(lib_a-writer.o)
                0x00403a4c                _write_r
 .text._close_r
                0x00403a70       0x20 c:/program files (x86)/atmel/studio/7.0/toolchain/arm/arm-gnu-toolchain/bin/../lib/gcc/arm-none-eabi/6.3.1/../../../../arm-none-eabi/lib/thumb/v7e-m\libc_nano.a(lib_a-closer.o)
                0x00403a70                _close_r
 .text.quorem   0x00403a90      0x118 c:/program files (x86)/atmel/studio/7.0/toolchain/arm/arm-gnu-toolchain/bin/../lib/gcc/arm-none-eabi/6.3.1/../../../../arm-none-eabi/lib/thumb/v7e-m\libc_nano.a(lib_a-dtoa.o)
 .text._dtoa_r  0x00403ba8      0xba4 c:/program files (x86)/atmel/studio/7.0/toolchain/arm/arm-gnu-toolchain/bin/../lib/gcc/arm-none-eabi/6.3.1/../../../../arm-none-eabi/lib/thumb/v7e-m\libc_nano.a(lib_a-dtoa.o)
                0x00403ba8                _dtoa_r
 .text._localeconv_r
                0x0040474c       0x1c c:/program files (x86)/atmel/studio/7.0/toolchain/arm/arm-gnu-toolchain/bin/../lib/gcc/arm-none-eabi/6.3.1/../../../../arm-none-eabi/lib/thumb/v7e-m\libc_nano.a(lib_a-localeconv.o)
                0x0040474c                _localeconv_r
 .text._lseek_r
                0x00404768       0x24 c:/program files (x86)/atmel/studio/7.0/toolchain/arm/arm-gnu-toolchain/bin/../lib/gcc/arm-none-eabi/6.3.1/../../../../arm-none-eabi/lib/thumb/v7e-m\libc_nano.a(lib_a-lseekr.o)
                0x00404768                _lseek_r
 .text.__swhatbuf_r
                0x0040478c       0x48 c:/program files (x86)/atmel/studio/7.0/toolchain/arm/arm-gnu-toolchain/bin/../lib/gcc/arm-none-eabi/6.3.1/../../../../arm-none-eabi/lib/thumb/v7e-m\libc_nano.a(lib_a-makebuf.o)
                0x0040478c                __swhatbuf_r
 .text.__smakebuf_r
                0x004047d4       0x80 c:/program files (x86)/atmel/studio/7.0/toolchain/arm/arm-gnu-toolchain/bin/../lib/gcc/arm-none-eabi/6.3.1/../../../../arm-none-eabi/lib/thumb/v7e-m\libc_nano.a(lib_a-makebuf.o)
                0x004047d4                __smakebuf_r
 .text.malloc   0x00404854       0x10 c:/program files (x86)/atmel/studio/7.0/toolchain/arm/arm-gnu-toolchain/bin/../lib/gcc/arm-none-eabi/6.3.1/../../../../arm-none-eabi/lib/thumb/v7e-m\libc_nano.a(lib_a-malloc.o)
                0x00404854                malloc
 *fill*         0x00404864        0xc 
 .text          0x00404870       0xa0 c:/program files (x86)/atmel/studio/7.0/toolchain/arm/arm-gnu-toolchain/bin/../lib/gcc/arm-none-eabi/6.3.1/../../../../arm-none-eabi/lib/thumb/v7e-m\libc_nano.a(lib_a-memchr.o)
                0x00404870                memchr
 .text.__malloc_lock
                0x00404910        0x2 c:/program files (x86)/atmel/studio/7.0/toolchain/arm/arm-gnu-toolchain/bin/../lib/gcc/arm-none-eabi/6.3.1/../../../../arm-none-eabi/lib/thumb/v7e-m\libc_nano.a(lib_a-mlock.o)
                0x00404910                __malloc_lock
 .text.__malloc_unlock
                0x00404912        0x2 c:/program files (x86)/atmel/studio/7.0/toolchain/arm/arm-gnu-toolchain/bin/../lib/gcc/arm-none-eabi/6.3.1/../../../../arm-none-eabi/lib/thumb/v7e-m\libc_nano.a(lib_a-mlock.o)
                0x00404912                __malloc_unlock
 .text._Balloc  0x00404914       0x68 c:/program files (x86)/atmel/studio/7.0/toolchain/arm/arm-gnu-toolchain/bin/../lib/gcc/arm-none-eabi/6.3.1/../../../../arm-none-eabi/lib/thumb/v7e-m\libc_nano.a(lib_a-mprec.o)
                0x00404914                _Balloc
 .text._Bfree   0x0040497c       0x2e c:/program files (x86)/atmel/studio/7.0/toolchain/arm/arm-gnu-toolchain/bin/../lib/gcc/arm-none-eabi/6.3.1/../../../../arm-none-eabi/lib/thumb/v7e-m\libc_nano.a(lib_a-mprec.o)
                0x0040497c                _Bfree
 .text.__multadd
                0x004049aa       0x76 c:/program files (x86)/atmel/studio/7.0/toolchain/arm/arm-gnu-toolchain/bin/../lib/gcc/arm-none-eabi/6.3.1/../../../../arm-none-eabi/lib/thumb/v7e-m\libc_nano.a(lib_a-mprec.o)
                0x004049aa                __multadd
 .text.__hi0bits
                0x00404a20       0x3e c:/program files (x86)/atmel/studio/7.0/toolchain/arm/arm-gnu-toolchain/bin/../lib/gcc/arm-none-eabi/6.3.1/../../../../arm-none-eabi/lib/thumb/v7e-m\libc_nano.a(lib_a-mprec.o)
                0x00404a20                __hi0bits
 .text.__lo0bits
                0x00404a5e       0x5e c:/program files (x86)/atmel/studio/7.0/toolchain/arm/arm-gnu-toolchain/bin/../lib/gcc/arm-none-eabi/6.3.1/../../../../arm-none-eabi/lib/thumb/v7e-m\libc_nano.a(lib_a-mprec.o)
                0x00404a5e                __lo0bits
 .text.__i2b    0x00404abc       0x12 c:/program files (x86)/atmel/studio/7.0/toolchain/arm/arm-gnu-toolchain/bin/../lib/gcc/arm-none-eabi/6.3.1/../../../../arm-none-eabi/lib/thumb/v7e-m\libc_nano.a(lib_a-mprec.o)
                0x00404abc                __i2b
 .text.__multiply
                0x00404ace      0x11a c:/program files (x86)/atmel/studio/7.0/toolchain/arm/arm-gnu-toolchain/bin/../lib/gcc/arm-none-eabi/6.3.1/../../../../arm-none-eabi/lib/thumb/v7e-m\libc_nano.a(lib_a-mprec.o)
                0x00404ace                __multiply
 .text.__pow5mult
                0x00404be8       0x9c c:/program files (x86)/atmel/studio/7.0/toolchain/arm/arm-gnu-toolchain/bin/../lib/gcc/arm-none-eabi/6.3.1/../../../../arm-none-eabi/lib/thumb/v7e-m\libc_nano.a(lib_a-mprec.o)
                0x00404be8                __pow5mult
 .text.__lshift
                0x00404c84       0xa2 c:/program files (x86)/atmel/studio/7.0/toolchain/arm/arm-gnu-toolchain/bin/../lib/gcc/arm-none-eabi/6.3.1/../../../../arm-none-eabi/lib/thumb/v7e-m\libc_nano.a(lib_a-mprec.o)
                0x00404c84                __lshift
 .text.__mcmp   0x00404d26       0x34 c:/program files (x86)/atmel/studio/7.0/toolchain/arm/arm-gnu-toolchain/bin/../lib/gcc/arm-none-eabi/6.3.1/../../../../arm-none-eabi/lib/thumb/v7e-m\libc_nano.a(lib_a-mprec.o)
                0x00404d26                __mcmp
 .text.__mdiff  0x00404d5a       0xbc c:/program files (x86)/atmel/studio/7.0/toolchain/arm/arm-gnu-toolchain/bin/../lib/gcc/arm-none-eabi/6.3.1/../../../../arm-none-eabi/lib/thumb/v7e-m\libc_nano.a(lib_a-mprec.o)
                0x00404d5a                __mdiff
 .text.__d2b    0x00404e16       0x9e c:/program files (x86)/atmel/studio/7.0/toolchain/arm/arm-gnu-toolchain/bin/../lib/gcc/arm-none-eabi/6.3.1/../../../../arm-none-eabi/lib/thumb/v7e-m\libc_nano.a(lib_a-mprec.o)
                0x00404e16                __d2b
 .text._calloc_r
                0x00404eb4       0x1c c:/program files (x86)/atmel/studio/7.0/toolchain/arm/arm-gnu-toolchain/bin/../lib/gcc/arm-none-eabi/6.3.1/../../../../arm-none-eabi/lib/thumb/v7e-m\libc_nano.a(lib_a-nano-callocr.o)
                0x00404eb4                _calloc_r
 .text.__sfputc_r
                0x00404ed0       0x2c c:/program files (x86)/atmel/studio/7.0/toolchain/arm/arm-gnu-toolchain/bin/../lib/gcc/arm-none-eabi/6.3.1/../../../../arm-none-eabi/lib/thumb/v7e-m\libc_nano.a(lib_a-nano-vfprintf.o)
 .text.__sfputs_r
                0x00404efc       0x24 c:/program files (x86)/atmel/studio/7.0/toolchain/arm/arm-gnu-toolchain/bin/../lib/gcc/arm-none-eabi/6.3.1/../../../../arm-none-eabi/lib/thumb/v7e-m\libc_nano.a(lib_a-nano-vfprintf.o)
                0x00404efc                __sfputs_r
 .text._vfprintf_r
                0x00404f20      0x22c c:/program files (x86)/atmel/studio/7.0/toolchain/arm/arm-gnu-toolchain/bin/../lib/gcc/arm-none-eabi/6.3.1/../../../../arm-none-eabi/lib/thumb/v7e-m\libc_nano.a(lib_a-nano-vfprintf.o)
                0x00404f20                _vfprintf_r
                0x00404f20                _vfiprintf_r
 .text.__svfscanf_r
                0x0040514c      0x2a8 c:/program files (x86)/atmel/studio/7.0/toolchain/arm/arm-gnu-toolchain/bin/../lib/gcc/arm-none-eabi/6.3.1/../../../../arm-none-eabi/lib/thumb/v7e-m\libc_nano.a(lib_a-nano-vfscanf.o)
                0x0040514c                __svfscanf_r
                0x0040514c                __svfiscanf_r
 .text._vfscanf_r
                0x004053f4       0x50 c:/program files (x86)/atmel/studio/7.0/toolchain/arm/arm-gnu-toolchain/bin/../lib/gcc/arm-none-eabi/6.3.1/../../../../arm-none-eabi/lib/thumb/v7e-m\libc_nano.a(lib_a-nano-vfscanf.o)
                0x004053f4                _vfscanf_r
                0x004053f4                _vfiscanf_r
 .text._scanf_chars
                0x00405444       0xc8 c:/program files (x86)/atmel/studio/7.0/toolchain/arm/arm-gnu-toolchain/bin/../lib/gcc/arm-none-eabi/6.3.1/../../../../arm-none-eabi/lib/thumb/v7e-m\libc_nano.a(lib_a-nano-vfscanf_i.o)
                0x00405444                _scanf_chars
 .text._scanf_i
                0x0040550c      0x1e8 c:/program files (x86)/atmel/studio/7.0/toolchain/arm/arm-gnu-toolchain/bin/../lib/gcc/arm-none-eabi/6.3.1/../../../../arm-none-eabi/lib/thumb/v7e-m\libc_nano.a(lib_a-nano-vfscanf_i.o)
                0x0040550c                _scanf_i
 .text._read_r  0x004056f4       0x24 c:/program files (x86)/atmel/studio/7.0/toolchain/arm/arm-gnu-toolchain/bin/../lib/gcc/arm-none-eabi/6.3.1/../../../../arm-none-eabi/lib/thumb/v7e-m\libc_nano.a(lib_a-readr.o)
                0x004056f4                _read_r
 .text.lflush   0x00405718       0x12 c:/program files (x86)/atmel/studio/7.0/toolchain/arm/arm-gnu-toolchain/bin/../lib/gcc/arm-none-eabi/6.3.1/../../../../arm-none-eabi/lib/thumb/v7e-m\libc_nano.a(lib_a-refill.o)
 *fill*         0x0040572a        0x2 
 .text.__srefill_r
                0x0040572c      0x114 c:/program files (x86)/atmel/studio/7.0/toolchain/arm/arm-gnu-toolchain/bin/../lib/gcc/arm-none-eabi/6.3.1/../../../../arm-none-eabi/lib/thumb/v7e-m\libc_nano.a(lib_a-refill.o)
                0x0040572c                __srefill_r
 .text.__sccl   0x00405840       0x60 c:/program files (x86)/atmel/studio/7.0/toolchain/arm/arm-gnu-toolchain/bin/../lib/gcc/arm-none-eabi/6.3.1/../../../../arm-none-eabi/lib/thumb/v7e-m\libc_nano.a(lib_a-sccl.o)
                0x00405840                __sccl
 .text._strtol_l.isra.0
                0x004058a0      0x100 c:/program files (x86)/atmel/studio/7.0/toolchain/arm/arm-gnu-toolchain/bin/../lib/gcc/arm-none-eabi/6.3.1/../../../../arm-none-eabi/lib/thumb/v7e-m\libc_nano.a(lib_a-strtol.o)
 .text._strtol_r
                0x004059a0       0x24 c:/program files (x86)/atmel/studio/7.0/toolchain/arm/arm-gnu-toolchain/bin/../lib/gcc/arm-none-eabi/6.3.1/../../../../arm-none-eabi/lib/thumb/v7e-m\libc_nano.a(lib_a-strtol.o)
                0x004059a0                _strtol_r
 .text._strtoul_l.isra.0
                0x004059c4       0xfa c:/program files (x86)/atmel/studio/7.0/toolchain/arm/arm-gnu-toolchain/bin/../lib/gcc/arm-none-eabi/6.3.1/../../../../arm-none-eabi/lib/thumb/v7e-m\libc_nano.a(lib_a-strtoul.o)
 *fill*         0x00405abe        0x2 
 .text._strtoul_r
                0x00405ac0       0x24 c:/program files (x86)/atmel/studio/7.0/toolchain/arm/arm-gnu-toolchain/bin/../lib/gcc/arm-none-eabi/6.3.1/../../../../arm-none-eabi/lib/thumb/v7e-m\libc_nano.a(lib_a-strtoul.o)
                0x00405ac0                _strtoul_r
 .text.__submore
                0x00405ae4       0x76 c:/program files (x86)/atmel/studio/7.0/toolchain/arm/arm-gnu-toolchain/bin/../lib/gcc/arm-none-eabi/6.3.1/../../../../arm-none-eabi/lib/thumb/v7e-m\libc_nano.a(lib_a-ungetc.o)
                0x00405ae4                __submore
 *fill*         0x00405b5a        0x2 
 .text._ungetc_r
                0x00405b5c       0xe4 c:/program files (x86)/atmel/studio/7.0/toolchain/arm/arm-gnu-toolchain/bin/../lib/gcc/arm-none-eabi/6.3.1/../../../../arm-none-eabi/lib/thumb/v7e-m\libc_nano.a(lib_a-ungetc.o)
                0x00405b5c                _ungetc_r
 .text.__swbuf_r
                0x00405c40       0xa4 c:/program files (x86)/atmel/studio/7.0/toolchain/arm/arm-gnu-toolchain/bin/../lib/gcc/arm-none-eabi/6.3.1/../../../../arm-none-eabi/lib/thumb/v7e-m\libc_nano.a(lib_a-wbuf.o)
                0x00405c40                __swbuf_r
 .text.__swsetup_r
                0x00405ce4       0xdc c:/program files (x86)/atmel/studio/7.0/toolchain/arm/arm-gnu-toolchain/bin/../lib/gcc/arm-none-eabi/6.3.1/../../../../arm-none-eabi/lib/thumb/v7e-m\libc_nano.a(lib_a-wsetup.o)
                0x00405ce4                __swsetup_r
 .text._fstat_r
                0x00405dc0       0x24 c:/program files (x86)/atmel/studio/7.0/toolchain/arm/arm-gnu-toolchain/bin/../lib/gcc/arm-none-eabi/6.3.1/../../../../arm-none-eabi/lib/thumb/v7e-m\libc_nano.a(lib_a-fstatr.o)
                0x00405dc0                _fstat_r
 .text._isatty_r
                0x00405de4       0x20 c:/program files (x86)/atmel/studio/7.0/toolchain/arm/arm-gnu-toolchain/bin/../lib/gcc/arm-none-eabi/6.3.1/../../../../arm-none-eabi/lib/thumb/v7e-m\libc_nano.a(lib_a-isattyr.o)
                0x00405de4                _isatty_r
 .text.__locale_ctype_ptr_l
                0x00405e04        0x6 c:/program files (x86)/atmel/studio/7.0/toolchain/arm/arm-gnu-toolchain/bin/../lib/gcc/arm-none-eabi/6.3.1/../../../../arm-none-eabi/lib/thumb/v7e-m\libc_nano.a(lib_a-locale.o)
                0x00405e04                __locale_ctype_ptr_l
 *fill*         0x00405e0a        0x2 
 .text.__locale_ctype_ptr
                0x00405e0c       0x1c c:/program files (x86)/atmel/studio/7.0/toolchain/arm/arm-gnu-toolchain/bin/../lib/gcc/arm-none-eabi/6.3.1/../../../../arm-none-eabi/lib/thumb/v7e-m\libc_nano.a(lib_a-locale.o)
                0x00405e0c                __locale_ctype_ptr
 .text.__ascii_mbtowc
                0x00405e28       0x24 c:/program files (x86)/atmel/studio/7.0/toolchain/arm/arm-gnu-toolchain/bin/../lib/gcc/arm-none-eabi/6.3.1/../../../../arm-none-eabi/lib/thumb/v7e-m\libc_nano.a(lib_a-mbtowc_r.o)
                0x00405e28                __ascii_mbtowc
 .text._realloc_r
                0x00405e4c       0x4c c:/program files (x86)/atmel/studio/7.0/toolchain/arm/arm-gnu-toolchain/bin/../lib/gcc/arm-none-eabi/6.3.1/../../../../arm-none-eabi/lib/thumb/v7e-m\libc_nano.a(lib_a-nano-reallocr.o)
                0x00405e4c                _realloc_r
 .text.__ascii_wctomb
                0x00405e98       0x1a c:/program files (x86)/atmel/studio/7.0/toolchain/arm/arm-gnu-toolchain/bin/../lib/gcc/arm-none-eabi/6.3.1/../../../../arm-none-eabi/lib/thumb/v7e-m\libc_nano.a(lib_a-wctomb_r.o)
                0x00405e98                __ascii_wctomb
 .text._malloc_usable_size_r
                0x00405eb2       0x12 c:/program files (x86)/atmel/studio/7.0/toolchain/arm/arm-gnu-toolchain/bin/../lib/gcc/arm-none-eabi/6.3.1/../../../../arm-none-eabi/lib/thumb/v7e-m\libc_nano.a(lib_a-nano-msizer.o)
                0x00405eb2                _malloc_usable_size_r
 .text          0x00405ec4      0x370 c:/program files (x86)/atmel/studio/7.0/toolchain/arm/arm-gnu-toolchain/bin/../lib/gcc/arm-none-eabi/6.3.1/thumb/v7e-m\libgcc.a(_arm_addsubdf3.o)
                0x00405ec4                __aeabi_drsub
                0x00405ecc                __aeabi_dsub
                0x00405ecc                __subdf3
                0x00405ed0                __aeabi_dadd
                0x00405ed0                __adddf3
                0x00406148                __floatunsidf
                0x00406148                __aeabi_ui2d
                0x00406168                __floatsidf
                0x00406168                __aeabi_i2d
                0x0040618c                __aeabi_f2d
                0x0040618c                __extendsfdf2
                0x004061c8                __floatundidf
                0x004061c8                __aeabi_ul2d
                0x004061d8                __floatdidf
                0x004061d8                __aeabi_l2d
 .text          0x00406234      0x424 c:/program files (x86)/atmel/studio/7.0/toolchain/arm/arm-gnu-toolchain/bin/../lib/gcc/arm-none-eabi/6.3.1/thumb/v7e-m\libgcc.a(_arm_muldivdf3.o)
                0x00406234                __aeabi_dmul
                0x00406234                __muldf3
                0x00406488                __divdf3
                0x00406488                __aeabi_ddiv
 .text          0x00406658      0x110 c:/program files (x86)/atmel/studio/7.0/toolchain/arm/arm-gnu-toolchain/bin/../lib/gcc/arm-none-eabi/6.3.1/thumb/v7e-m\libgcc.a(_arm_cmpdf2.o)
                0x00406658                __gtdf2
                0x00406658                __gedf2
                0x00406660                __ltdf2
                0x00406660                __ledf2
                0x00406668                __nedf2
                0x00406668                __eqdf2
                0x00406668                __cmpdf2
                0x004066e4                __aeabi_cdrcmple
                0x004066f4                __aeabi_cdcmpeq
                0x004066f4                __aeabi_cdcmple
                0x00406704                __aeabi_dcmpeq
                0x00406718                __aeabi_dcmplt
                0x0040672c                __aeabi_dcmple
                0x00406740                __aeabi_dcmpge
                0x00406754                __aeabi_dcmpgt
 .text          0x00406768       0x2c c:/program files (x86)/atmel/studio/7.0/toolchain/arm/arm-gnu-toolchain/bin/../lib/gcc/arm-none-eabi/6.3.1/thumb/v7e-m\libgcc.a(_arm_unorddf2.o)
                0x00406768                __unorddf2
                0x00406768                __aeabi_dcmpun
 .text          0x00406794       0x50 c:/program files (x86)/atmel/studio/7.0/toolchain/arm/arm-gnu-toolchain/bin/../lib/gcc/arm-none-eabi/6.3.1/thumb/v7e-m\libgcc.a(_arm_fixdfsi.o)
                0x00406794                __aeabi_d2iz
                0x00406794                __fixdfsi
 .text          0x004067e4       0x40 c:/program files (x86)/atmel/studio/7.0/toolchain/arm/arm-gnu-toolchain/bin/../lib/gcc/arm-none-eabi/6.3.1/thumb/v7e-m\libgcc.a(_arm_fixunsdfsi.o)
                0x004067e4                __aeabi_d2uiz
                0x004067e4                __fixunsdfsi
 .text          0x00406824       0xa0 c:/program files (x86)/atmel/studio/7.0/toolchain/arm/arm-gnu-toolchain/bin/../lib/gcc/arm-none-eabi/6.3.1/thumb/v7e-m\libgcc.a(_arm_truncdfsf2.o)
                0x00406824                __truncdfsf2
                0x00406824                __aeabi_d2f
 *(.glue_7t)
 .glue_7t       0x004068c4        0x0 linker stubs
 *(.glue_7)
 .glue_7        0x004068c4        0x0 linker stubs
 *(.rodata .rodata* .gnu.linkonce.r.*)
 .rodata.TC1_Handler.str1.4
                0x004068c4       0x1d src/app/app.o
                                 0x22 (size before relaxing)
 *fill*         0x004068e1        0x3 
 .rodata.app_init_tc_pwm.str1.4
                0x004068e4       0x5a src/app/app.o
 *fill*         0x0040693e        0x2 
 .rodata.uart_cli_read_command.str1.4
                0x00406940       0x20 src/app/uart_cli.o
                                 0x3a (size before relaxing)
 .rodata.adc_interrupt_mask
                0x00406960       0x60 src/ASF/sam/drivers/adc/adc2.o
                0x00406960                adc_interrupt_mask
 .rodata.npio2_hw
                0x004069c0       0x80 c:/program files (x86)/atmel/studio/7.0/toolchain/arm/arm-gnu-toolchain/bin/../lib/gcc/arm-none-eabi/6.3.1/../../../../arm-none-eabi/lib/thumb/v7e-m\libm.a(lib_a-e_rem_pio2.o)
 .rodata.two_over_pi
                0x00406a40      0x108 c:/program files (x86)/atmel/studio/7.0/toolchain/arm/arm-gnu-toolchain/bin/../lib/gcc/arm-none-eabi/6.3.1/../../../../arm-none-eabi/lib/thumb/v7e-m\libm.a(lib_a-e_rem_pio2.o)
 .rodata.PIo2   0x00406b48       0x40 c:/program files (x86)/atmel/studio/7.0/toolchain/arm/arm-gnu-toolchain/bin/../lib/gcc/arm-none-eabi/6.3.1/../../../../arm-none-eabi/lib/thumb/v7e-m\libm.a(lib_a-k_rem_pio2.o)
 .rodata.init_jk
                0x00406b88       0x10 c:/program files (x86)/atmel/studio/7.0/toolchain/arm/arm-gnu-toolchain/bin/../lib/gcc/arm-none-eabi/6.3.1/../../../../arm-none-eabi/lib/thumb/v7e-m\libm.a(lib_a-k_rem_pio2.o)
 .rodata.__sf_fake_stderr
                0x00406b98       0x20 c:/program files (x86)/atmel/studio/7.0/toolchain/arm/arm-gnu-toolchain/bin/../lib/gcc/arm-none-eabi/6.3.1/../../../../arm-none-eabi/lib/thumb/v7e-m\libc_nano.a(lib_a-findfp.o)
                0x00406b98                __sf_fake_stderr
 .rodata.__sf_fake_stdin
                0x00406bb8       0x20 c:/program files (x86)/atmel/studio/7.0/toolchain/arm/arm-gnu-toolchain/bin/../lib/gcc/arm-none-eabi/6.3.1/../../../../arm-none-eabi/lib/thumb/v7e-m\libc_nano.a(lib_a-findfp.o)
                0x00406bb8                __sf_fake_stdin
 .rodata.__sf_fake_stdout
                0x00406bd8       0x20 c:/program files (x86)/atmel/studio/7.0/toolchain/arm/arm-gnu-toolchain/bin/../lib/gcc/arm-none-eabi/6.3.1/../../../../arm-none-eabi/lib/thumb/v7e-m\libc_nano.a(lib_a-findfp.o)
                0x00406bd8                __sf_fake_stdout
 .rodata._global_impure_ptr
                0x00406bf8        0x4 c:/program files (x86)/atmel/studio/7.0/toolchain/arm/arm-gnu-toolchain/bin/../lib/gcc/arm-none-eabi/6.3.1/../../../../arm-none-eabi/lib/thumb/v7e-m\libc_nano.a(lib_a-impure.o)
                0x00406bf8                _global_impure_ptr
 .rodata._printf_float.str1.1
                0x00406bfc       0x10 c:/program files (x86)/atmel/studio/7.0/toolchain/arm/arm-gnu-toolchain/bin/../lib/gcc/arm-none-eabi/6.3.1/../../../../arm-none-eabi/lib/thumb/v7e-m\libc_nano.a(lib_a-nano-vfprintf_float.o)
                                 0x12 (size before relaxing)
 .rodata._printf_i.str1.1
                0x00406c0c       0x22 c:/program files (x86)/atmel/studio/7.0/toolchain/arm/arm-gnu-toolchain/bin/../lib/gcc/arm-none-eabi/6.3.1/../../../../arm-none-eabi/lib/thumb/v7e-m\libc_nano.a(lib_a-nano-vfprintf_i.o)
 .rodata._dtoa_r.str1.1
                0x00406c2e        0xd c:/program files (x86)/atmel/studio/7.0/toolchain/arm/arm-gnu-toolchain/bin/../lib/gcc/arm-none-eabi/6.3.1/../../../../arm-none-eabi/lib/thumb/v7e-m\libc_nano.a(lib_a-dtoa.o)
                                  0xf (size before relaxing)
 *fill*         0x00406c3b        0x5 
 .rodata.__mprec_bigtens
                0x00406c40       0x28 c:/program files (x86)/atmel/studio/7.0/toolchain/arm/arm-gnu-toolchain/bin/../lib/gcc/arm-none-eabi/6.3.1/../../../../arm-none-eabi/lib/thumb/v7e-m\libc_nano.a(lib_a-mprec.o)
                0x00406c40                __mprec_bigtens
 .rodata.__mprec_tens
                0x00406c68       0xc8 c:/program files (x86)/atmel/studio/7.0/toolchain/arm/arm-gnu-toolchain/bin/../lib/gcc/arm-none-eabi/6.3.1/../../../../arm-none-eabi/lib/thumb/v7e-m\libc_nano.a(lib_a-mprec.o)
                0x00406c68                __mprec_tens
 .rodata.p05.6047
                0x00406d30        0xc c:/program files (x86)/atmel/studio/7.0/toolchain/arm/arm-gnu-toolchain/bin/../lib/gcc/arm-none-eabi/6.3.1/../../../../arm-none-eabi/lib/thumb/v7e-m\libc_nano.a(lib_a-mprec.o)
 .rodata._vfprintf_r.str1.1
                0x00406d3c       0x11 c:/program files (x86)/atmel/studio/7.0/toolchain/arm/arm-gnu-toolchain/bin/../lib/gcc/arm-none-eabi/6.3.1/../../../../arm-none-eabi/lib/thumb/v7e-m\libc_nano.a(lib_a-nano-vfprintf.o)
 .rodata.__svfscanf_r.str1.1
                0x00406d4d        0x4 c:/program files (x86)/atmel/studio/7.0/toolchain/arm/arm-gnu-toolchain/bin/../lib/gcc/arm-none-eabi/6.3.1/../../../../arm-none-eabi/lib/thumb/v7e-m\libc_nano.a(lib_a-nano-vfscanf.o)
 *fill*         0x00406d4d        0x3 
 .rodata        0x00406d50        0xc c:/program files (x86)/atmel/studio/7.0/toolchain/arm/arm-gnu-toolchain/bin/../lib/gcc/arm-none-eabi/6.3.1/../../../../arm-none-eabi/lib/thumb/v7e-m\libc_nano.a(lib_a-nano-vfscanf_i.o)
 .rodata._scanf_i.str1.1
                0x00406d5c       0x12 c:/program files (x86)/atmel/studio/7.0/toolchain/arm/arm-gnu-toolchain/bin/../lib/gcc/arm-none-eabi/6.3.1/../../../../arm-none-eabi/lib/thumb/v7e-m\libc_nano.a(lib_a-nano-vfscanf_i.o)
 .rodata.str1.1
                0x00406d6e        0x9 c:/program files (x86)/atmel/studio/7.0/toolchain/arm/arm-gnu-toolchain/bin/../lib/gcc/arm-none-eabi/6.3.1/../../../../arm-none-eabi/lib/thumb/v7e-m\libc_nano.a(lib_a-nano-vfscanf_i.o)
 .rodata._setlocale_r.str1.1
                0x00406d77        0x8 c:/program files (x86)/atmel/studio/7.0/toolchain/arm/arm-gnu-toolchain/bin/../lib/gcc/arm-none-eabi/6.3.1/../../../../arm-none-eabi/lib/thumb/v7e-m\libc_nano.a(lib_a-locale.o)
                                  0x9 (size before relaxing)
 .rodata.str1.1
                0x00406d7f        0x2 c:/program files (x86)/atmel/studio/7.0/toolchain/arm/arm-gnu-toolchain/bin/../lib/gcc/arm-none-eabi/6.3.1/../../../../arm-none-eabi/lib/thumb/v7e-m\libc_nano.a(lib_a-locale.o)
 .rodata._ctype_
                0x00406d81      0x101 c:/program files (x86)/atmel/studio/7.0/toolchain/arm/arm-gnu-toolchain/bin/../lib/gcc/arm-none-eabi/6.3.1/../../../../arm-none-eabi/lib/thumb/v7e-m\libc_nano.a(lib_a-ctype_.o)
                0x00406d81                _ctype_
 *(.ARM.extab* .gnu.linkonce.armextab.*)
                0x00406e84                . = ALIGN (0x4)
 *fill*         0x00406e82        0x2 
 *(.init)
 .init          0x00406e84        0x4 c:/program files (x86)/atmel/studio/7.0/toolchain/arm/arm-gnu-toolchain/bin/../lib/gcc/arm-none-eabi/6.3.1/thumb/v7e-m/crti.o
                0x00406e84                _init
 .init          0x00406e88        0x8 c:/program files (x86)/atmel/studio/7.0/toolchain/arm/arm-gnu-toolchain/bin/../lib/gcc/arm-none-eabi/6.3.1/thumb/v7e-m/crtn.o
                0x00406e90                . = ALIGN (0x4)
                0x00406e90                __preinit_array_start = .
 *(.preinit_array)
                0x00406e90                __preinit_array_end = .
                0x00406e90                . = ALIGN (0x4)
                0x00406e90                __init_array_start = .
 *(SORT(.init_array.*))
 *(.init_array)
 .init_array    0x00406e90        0x4 c:/program files (x86)/atmel/studio/7.0/toolchain/arm/arm-gnu-toolchain/bin/../lib/gcc/arm-none-eabi/6.3.1/thumb/v7e-m/crtbegin.o
                0x00406e94                __init_array_end = .
                0x00406e94                . = ALIGN (0x4)
 *crtbegin.o(.ctors)
 *(EXCLUDE_FILE(*crtend.o) .ctors)
 *(SORT(.ctors.*))
 *crtend.o(.ctors)
                0x00406e94                . = ALIGN (0x4)
 *(.fini)
 .fini          0x00406e94        0x4 c:/program files (x86)/atmel/studio/7.0/toolchain/arm/arm-gnu-toolchain/bin/../lib/gcc/arm-none-eabi/6.3.1/thumb/v7e-m/crti.o
                0x00406e94                _fini
 .fini          0x00406e98        0x8 c:/program files (x86)/atmel/studio/7.0/toolchain/arm/arm-gnu-toolchain/bin/../lib/gcc/arm-none-eabi/6.3.1/thumb/v7e-m/crtn.o
                0x00406ea0                . = ALIGN (0x4)
                0x00406ea0                __fini_array_start = .
 *(.fini_array)
 .fini_array    0x00406ea0        0x4 c:/program files (x86)/atmel/studio/7.0/toolchain/arm/arm-gnu-toolchain/bin/../lib/gcc/arm-none-eabi/6.3.1/thumb/v7e-m/crtbegin.o
 *(SORT(.fini_array.*))
                0x00406ea4                __fini_array_end = .
 *crtbegin.o(.dtors)
 *(EXCLUDE_FILE(*crtend.o) .dtors)
 *(SORT(.dtors.*))
 *crtend.o(.dtors)
                0x00406ea4                . = ALIGN (0x4)
                0x00406ea4                _efixed = .
                [!provide]                PROVIDE (__exidx_start, .)

.vfp11_veneer   0x00406ea4        0x0
 .vfp11_veneer  0x00406ea4        0x0 linker stubs

.v4_bx          0x00406ea4        0x0
 .v4_bx         0x00406ea4        0x0 linker stubs

.iplt           0x00406ea4        0x0
 .iplt          0x00406ea4        0x0 c:/program files (x86)/atmel/studio/7.0/toolchain/arm/arm-gnu-toolchain/bin/../lib/gcc/arm-none-eabi/6.3.1/thumb/v7e-m/crtbegin.o

.eh_frame       0x00406ea4        0x0
 .eh_frame      0x00406ea4        0x0 c:/program files (x86)/atmel/studio/7.0/toolchain/arm/arm-gnu-toolchain/bin/../lib/gcc/arm-none-eabi/6.3.1/thumb/v7e-m/crtbegin.o

.rel.dyn        0x00406ea4        0x0
 .rel.iplt      0x00406ea4        0x0 c:/program files (x86)/atmel/studio/7.0/toolchain/arm/arm-gnu-toolchain/bin/../lib/gcc/arm-none-eabi/6.3.1/thumb/v7e-m/crtbegin.o

.jcr            0x00406ea4        0x0
 .jcr           0x00406ea4        0x0 c:/program files (x86)/atmel/studio/7.0/toolchain/arm/arm-gnu-toolchain/bin/../lib/gcc/arm-none-eabi/6.3.1/thumb/v7e-m/crtbegin.o

.igot.plt       0x00406ea4        0x0
 .igot.plt      0x00406ea4        0x0 c:/program files (x86)/atmel/studio/7.0/toolchain/arm/arm-gnu-toolchain/bin/../lib/gcc/arm-none-eabi/6.3.1/thumb/v7e-m/crtbegin.o

.ARM.exidx
 *(.ARM.exidx* .gnu.linkonce.armexidx.*)
                [!provide]                PROVIDE (__exidx_end, .)
                0x00406ea4                . = ALIGN (0x4)
                0x00406ea4                _etext = .

.relocate       0x20000000      0x26c load address 0x00406ea4
                0x20000000                . = ALIGN (0x4)
                0x20000000                _srelocate = .
 *(.ramfunc .ramfunc.*)
 .ramfunc       0x20000000       0x88 src/ASF/sam/drivers/efc/efc.o
                0x20000000                efc_perform_read_sequence
                0x20000068                efc_write_fmr
                0x2000006c                efc_perform_fcr
 *(.data .data.*)
 .data.freq_pwm_analog
                0x20000088        0x4 src/app/app.o
                0x20000088                freq_pwm_analog
 .data.sin_freq
                0x2000008c        0x4 src/app/app.o
                0x2000008c                sin_freq
 .data.xNextTaskUnblockTime
                0x20000090        0x4 src/ASF/thirdparty/freertos/freertos-7.3.0/source/tasks.o
 .data.g_interrupt_enabled
                0x20000094        0x1 src/ASF/common/utils/interrupt/interrupt_sam_nvic.o
                0x20000094                g_interrupt_enabled
 *fill*         0x20000095        0x3 
 .data.SystemCoreClock
                0x20000098        0x4 src/ASF/sam/utils/cmsis/samg/samg55/source/templates/system_samg55.o
                0x20000098                SystemCoreClock
 .data._impure_ptr
                0x2000009c        0x4 c:/program files (x86)/atmel/studio/7.0/toolchain/arm/arm-gnu-toolchain/bin/../lib/gcc/arm-none-eabi/6.3.1/../../../../arm-none-eabi/lib/thumb/v7e-m\libc_nano.a(lib_a-impure.o)
                0x2000009c                _impure_ptr
 .data.impure_data
                0x200000a0       0x60 c:/program files (x86)/atmel/studio/7.0/toolchain/arm/arm-gnu-toolchain/bin/../lib/gcc/arm-none-eabi/6.3.1/../../../../arm-none-eabi/lib/thumb/v7e-m\libc_nano.a(lib_a-impure.o)
 .data.__global_locale
                0x20000100      0x16c c:/program files (x86)/atmel/studio/7.0/toolchain/arm/arm-gnu-toolchain/bin/../lib/gcc/arm-none-eabi/6.3.1/../../../../arm-none-eabi/lib/thumb/v7e-m\libc_nano.a(lib_a-locale.o)
                0x20000100                __global_locale
                0x2000026c                . = ALIGN (0x4)
                0x2000026c                _erelocate = .

.bss            0x2000026c      0x1bc load address 0x00407110
                0x2000026c                . = ALIGN (0x4)
                0x2000026c                _sbss = .
                0x2000026c                _szero = .
 *(.bss .bss.*)
 .bss           0x2000026c       0x1c c:/program files (x86)/atmel/studio/7.0/toolchain/arm/arm-gnu-toolchain/bin/../lib/gcc/arm-none-eabi/6.3.1/thumb/v7e-m/crtbegin.o
 .bss.counter_flipflpp
                0x20000288        0x1 src/app/app.o
                0x20000288                counter_flipflpp
 *fill*         0x20000289        0x3 
 .bss.div_pwm_analog
                0x2000028c        0x4 src/app/app.o
                0x2000028c                div_pwm_analog
 .bss.pwm_counter
                0x20000290        0x4 src/app/app.o
                0x20000290                pwm_counter
 .bss.sin_result
                0x20000294        0x4 src/app/app.o
                0x20000294                sin_result
 .bss.sin_time  0x20000298        0x4 src/app/app.o
                0x20000298                sin_time
 .bss.tc_clks_pwm_analog
                0x2000029c        0x4 src/app/app.o
                0x2000029c                tc_clks_pwm_analog
 .bss.gs_interrupt_sources
                0x200002a0       0x70 src/ASF/sam/drivers/pio/pio_handler.o
 .bss.ul_reg_val.8669
                0x20000310        0x4 src/ASF/sam/drivers/usart/usart.o
 .bss.pxCurrentTCB
                0x20000314        0x4 src/ASF/thirdparty/freertos/freertos-7.3.0/source/tasks.o
                0x20000314                pxCurrentTCB
 .bss.pxDelayedTaskList
                0x20000318        0x4 src/ASF/thirdparty/freertos/freertos-7.3.0/source/tasks.o
 .bss.pxOverflowDelayedTaskList
                0x2000031c        0x4 src/ASF/thirdparty/freertos/freertos-7.3.0/source/tasks.o
 .bss.pxReadyTasksLists
                0x20000320       0x64 src/ASF/thirdparty/freertos/freertos-7.3.0/source/tasks.o
 .bss.uxMissedTicks
                0x20000384        0x4 src/ASF/thirdparty/freertos/freertos-7.3.0/source/tasks.o
 .bss.uxSchedulerSuspended
                0x20000388        0x4 src/ASF/thirdparty/freertos/freertos-7.3.0/source/tasks.o
 .bss.uxTopReadyPriority
                0x2000038c        0x4 src/ASF/thirdparty/freertos/freertos-7.3.0/source/tasks.o
 .bss.xMissedYield
                0x20000390        0x4 src/ASF/thirdparty/freertos/freertos-7.3.0/source/tasks.o
 .bss.xNumOfOverflows
                0x20000394        0x4 src/ASF/thirdparty/freertos/freertos-7.3.0/source/tasks.o
 .bss.xTickCount
                0x20000398        0x4 src/ASF/thirdparty/freertos/freertos-7.3.0/source/tasks.o
 .bss.heap.6420
                0x2000039c        0x4 src/ASF/sam/utils/syscalls/gcc/syscalls.o
 .bss.__malloc_free_list
                0x200003a0        0x4 c:/program files (x86)/atmel/studio/7.0/toolchain/arm/arm-gnu-toolchain/bin/../lib/gcc/arm-none-eabi/6.3.1/../../../../arm-none-eabi/lib/thumb/v7e-m\libc_nano.a(lib_a-nano-mallocr.o)
                0x200003a0                __malloc_free_list
 .bss.__malloc_sbrk_start
                0x200003a4        0x4 c:/program files (x86)/atmel/studio/7.0/toolchain/arm/arm-gnu-toolchain/bin/../lib/gcc/arm-none-eabi/6.3.1/../../../../arm-none-eabi/lib/thumb/v7e-m\libc_nano.a(lib_a-nano-mallocr.o)
                0x200003a4                __malloc_sbrk_start
 *(COMMON)
 COMMON         0x200003a8        0x8 src/app/app.o
                0x200003a8                sysclk
                0x200003ac                current_digital
 COMMON         0x200003b0        0x6 src/ASF/common/sleepmgr/sam/sleepmgr.o
                0x200003b0                sleepmgr_locks
 *fill*         0x200003b6        0x2 
 COMMON         0x200003b8        0x4 src/ASF/common/utils/stdio/read.o
                0x200003b8                ptr_get
 COMMON         0x200003bc        0x8 src/ASF/common/utils/stdio/write.o
                0x200003bc                ptr_put
                0x200003c0                stdio_base
 COMMON         0x200003c4       0x60 src/ASF/sam/drivers/adc/adc2.o
                0x200003c4                adc_callback_pointer
 COMMON         0x20000424        0x4 c:/program files (x86)/atmel/studio/7.0/toolchain/arm/arm-gnu-toolchain/bin/../lib/gcc/arm-none-eabi/6.3.1/../../../../arm-none-eabi/lib/thumb/v7e-m\libc_nano.a(lib_a-reent.o)
                0x20000424                errno
                0x20000428                . = ALIGN (0x4)
                0x20000428                _ebss = .
                0x20000428                _ezero = .

.stack          0x20000428     0x3000 load address 0x004072cc
                0x20000428                . = ALIGN (0x8)
                0x20000428                _sstack = .
                0x20003428                . = (. + __stack_size__)
 *fill*         0x20000428     0x3000 
                0x20003428                . = ALIGN (0x8)
                0x20003428                _estack = .
                0x20003428                . = ALIGN (0x4)
                0x20003428                _end = .
OUTPUT(uart_buzzer_controller.elf elf32-littlearm)

.ARM.attributes
                0x00000000       0x2e
 .ARM.attributes
                0x00000000       0x1e c:/program files (x86)/atmel/studio/7.0/toolchain/arm/arm-gnu-toolchain/bin/../lib/gcc/arm-none-eabi/6.3.1/thumb/v7e-m/crti.o
 .ARM.attributes
                0x0000001e       0x2e c:/program files (x86)/atmel/studio/7.0/toolchain/arm/arm-gnu-toolchain/bin/../lib/gcc/arm-none-eabi/6.3.1/thumb/v7e-m/crtbegin.o
 .ARM.attributes
                0x0000004c       0x37 src/app/app.o
 .ARM.attributes
                0x00000083       0x37 src/app/uart_cli.o
 .ARM.attributes
                0x000000ba       0x37 src/ASF/common/sleepmgr/sam/sleepmgr.o
 .ARM.attributes
                0x000000f1       0x37 src/ASF/common/utils/stdio/read.o
 .ARM.attributes
                0x00000128       0x37 src/ASF/common/utils/stdio/write.o
 .ARM.attributes
                0x0000015f       0x37 src/ASF/sam/drivers/adc/adc2.o
 .ARM.attributes
                0x00000196       0x37 src/ASF/sam/drivers/flexcom/flexcom.o
 .ARM.attributes
                0x000001cd       0x37 src/ASF/sam/drivers/pio/pio.o
 .ARM.attributes
                0x00000204       0x37 src/ASF/sam/drivers/pio/pio_handler.o
 .ARM.attributes
                0x0000023b       0x37 src/ASF/sam/drivers/tc/tc.o
 .ARM.attributes
                0x00000272       0x37 src/ASF/sam/drivers/usart/usart.o
 .ARM.attributes
                0x000002a9       0x37 src/ASF/thirdparty/freertos/freertos-7.3.0/source/list.o
 .ARM.attributes
                0x000002e0       0x37 src/ASF/thirdparty/freertos/freertos-7.3.0/source/portable/gcc/sam_cm4f/port.o
 .ARM.attributes
                0x00000317       0x37 src/ASF/thirdparty/freertos/freertos-7.3.0/source/tasks.o
 .ARM.attributes
                0x0000034e       0x37 src/bsp/board_init.o
 .ARM.attributes
                0x00000385       0x37 src/ASF/common/services/clock/samg/sysclk.o
 .ARM.attributes
                0x000003bc       0x37 src/ASF/common/utils/interrupt/interrupt_sam_nvic.o
 .ARM.attributes
                0x000003f3       0x37 src/ASF/sam/drivers/efc/efc.o
 .ARM.attributes
                0x0000042a       0x37 src/ASF/sam/drivers/pmc/pmc.o
 .ARM.attributes
                0x00000461       0x37 src/ASF/sam/drivers/supc/supc.o
 .ARM.attributes
                0x00000498       0x37 src/ASF/sam/utils/cmsis/samg/samg55/source/templates/gcc/startup_samg55.o
 .ARM.attributes
                0x000004cf       0x37 src/ASF/sam/utils/cmsis/samg/samg55/source/templates/system_samg55.o
 .ARM.attributes
                0x00000506       0x37 src/ASF/sam/utils/syscalls/gcc/syscalls.o
 .ARM.attributes
                0x0000053d       0x37 src/main.o
 .ARM.attributes
                0x00000574       0x2e c:/program files (x86)/atmel/studio/7.0/toolchain/arm/arm-gnu-toolchain/bin/../lib/gcc/arm-none-eabi/6.3.1/../../../../arm-none-eabi/lib/thumb/v7e-m\libm.a(lib_a-s_sin.o)
 .ARM.attributes
                0x000005a2       0x2e c:/program files (x86)/atmel/studio/7.0/toolchain/arm/arm-gnu-toolchain/bin/../lib/gcc/arm-none-eabi/6.3.1/../../../../arm-none-eabi/lib/thumb/v7e-m\libm.a(lib_a-e_rem_pio2.o)
 .ARM.attributes
                0x000005d0       0x2e c:/program files (x86)/atmel/studio/7.0/toolchain/arm/arm-gnu-toolchain/bin/../lib/gcc/arm-none-eabi/6.3.1/../../../../arm-none-eabi/lib/thumb/v7e-m\libm.a(lib_a-k_cos.o)
 .ARM.attributes
                0x000005fe       0x2e c:/program files (x86)/atmel/studio/7.0/toolchain/arm/arm-gnu-toolchain/bin/../lib/gcc/arm-none-eabi/6.3.1/../../../../arm-none-eabi/lib/thumb/v7e-m\libm.a(lib_a-k_rem_pio2.o)
 .ARM.attributes
                0x0000062c       0x2e c:/program files (x86)/atmel/studio/7.0/toolchain/arm/arm-gnu-toolchain/bin/../lib/gcc/arm-none-eabi/6.3.1/../../../../arm-none-eabi/lib/thumb/v7e-m\libm.a(lib_a-k_sin.o)
 .ARM.attributes
                0x0000065a       0x2e c:/program files (x86)/atmel/studio/7.0/toolchain/arm/arm-gnu-toolchain/bin/../lib/gcc/arm-none-eabi/6.3.1/../../../../arm-none-eabi/lib/thumb/v7e-m\libm.a(lib_a-s_fabs.o)
 .ARM.attributes
                0x00000688       0x2e c:/program files (x86)/atmel/studio/7.0/toolchain/arm/arm-gnu-toolchain/bin/../lib/gcc/arm-none-eabi/6.3.1/../../../../arm-none-eabi/lib/thumb/v7e-m\libm.a(lib_a-s_floor.o)
 .ARM.attributes
                0x000006b6       0x2e c:/program files (x86)/atmel/studio/7.0/toolchain/arm/arm-gnu-toolchain/bin/../lib/gcc/arm-none-eabi/6.3.1/../../../../arm-none-eabi/lib/thumb/v7e-m\libm.a(lib_a-s_scalbn.o)
 .ARM.attributes
                0x000006e4       0x2e c:/program files (x86)/atmel/studio/7.0/toolchain/arm/arm-gnu-toolchain/bin/../lib/gcc/arm-none-eabi/6.3.1/../../../../arm-none-eabi/lib/thumb/v7e-m\libm.a(lib_a-s_copysign.o)
 .ARM.attributes
                0x00000712       0x2e c:/program files (x86)/atmel/studio/7.0/toolchain/arm/arm-gnu-toolchain/bin/../lib/gcc/arm-none-eabi/6.3.1/../../../../arm-none-eabi/lib/thumb/v7e-m\libc_nano.a(lib_a-fflush.o)
 .ARM.attributes
                0x00000740       0x2e c:/program files (x86)/atmel/studio/7.0/toolchain/arm/arm-gnu-toolchain/bin/../lib/gcc/arm-none-eabi/6.3.1/../../../../arm-none-eabi/lib/thumb/v7e-m\libc_nano.a(lib_a-findfp.o)
 .ARM.attributes
                0x0000076e       0x2e c:/program files (x86)/atmel/studio/7.0/toolchain/arm/arm-gnu-toolchain/bin/../lib/gcc/arm-none-eabi/6.3.1/../../../../arm-none-eabi/lib/thumb/v7e-m\libc_nano.a(lib_a-fwalk.o)
 .ARM.attributes
                0x0000079c       0x2e c:/program files (x86)/atmel/studio/7.0/toolchain/arm/arm-gnu-toolchain/bin/../lib/gcc/arm-none-eabi/6.3.1/../../../../arm-none-eabi/lib/thumb/v7e-m\libc_nano.a(lib_a-impure.o)
 .ARM.attributes
                0x000007ca       0x2e c:/program files (x86)/atmel/studio/7.0/toolchain/arm/arm-gnu-toolchain/bin/../lib/gcc/arm-none-eabi/6.3.1/../../../../arm-none-eabi/lib/thumb/v7e-m\libc_nano.a(lib_a-init.o)
 .ARM.attributes
                0x000007f8       0x2e c:/program files (x86)/atmel/studio/7.0/toolchain/arm/arm-gnu-toolchain/bin/../lib/gcc/arm-none-eabi/6.3.1/../../../../arm-none-eabi/lib/thumb/v7e-m\libc_nano.a(lib_a-memcpy-stub.o)
 .ARM.attributes
                0x00000826       0x2e c:/program files (x86)/atmel/studio/7.0/toolchain/arm/arm-gnu-toolchain/bin/../lib/gcc/arm-none-eabi/6.3.1/../../../../arm-none-eabi/lib/thumb/v7e-m\libc_nano.a(lib_a-memset.o)
 .ARM.attributes
                0x00000854       0x2e c:/program files (x86)/atmel/studio/7.0/toolchain/arm/arm-gnu-toolchain/bin/../lib/gcc/arm-none-eabi/6.3.1/../../../../arm-none-eabi/lib/thumb/v7e-m\libc_nano.a(lib_a-nano-freer.o)
 .ARM.attributes
                0x00000882       0x2e c:/program files (x86)/atmel/studio/7.0/toolchain/arm/arm-gnu-toolchain/bin/../lib/gcc/arm-none-eabi/6.3.1/../../../../arm-none-eabi/lib/thumb/v7e-m\libc_nano.a(lib_a-nano-mallocr.o)
 .ARM.attributes
                0x000008b0       0x2e c:/program files (x86)/atmel/studio/7.0/toolchain/arm/arm-gnu-toolchain/bin/../lib/gcc/arm-none-eabi/6.3.1/../../../../arm-none-eabi/lib/thumb/v7e-m\libc_nano.a(lib_a-nano-vfprintf_float.o)
 .ARM.attributes
                0x000008de       0x2e c:/program files (x86)/atmel/studio/7.0/toolchain/arm/arm-gnu-toolchain/bin/../lib/gcc/arm-none-eabi/6.3.1/../../../../arm-none-eabi/lib/thumb/v7e-m\libc_nano.a(lib_a-nano-vfprintf_i.o)
 .ARM.attributes
                0x0000090c       0x2e c:/program files (x86)/atmel/studio/7.0/toolchain/arm/arm-gnu-toolchain/bin/../lib/gcc/arm-none-eabi/6.3.1/../../../../arm-none-eabi/lib/thumb/v7e-m\libc_nano.a(lib_a-printf.o)
 .ARM.attributes
                0x0000093a       0x2e c:/program files (x86)/atmel/studio/7.0/toolchain/arm/arm-gnu-toolchain/bin/../lib/gcc/arm-none-eabi/6.3.1/../../../../arm-none-eabi/lib/thumb/v7e-m\libc_nano.a(lib_a-sbrkr.o)
 .ARM.attributes
                0x00000968       0x2e c:/program files (x86)/atmel/studio/7.0/toolchain/arm/arm-gnu-toolchain/bin/../lib/gcc/arm-none-eabi/6.3.1/../../../../arm-none-eabi/lib/thumb/v7e-m\libc_nano.a(lib_a-scanf.o)
 .ARM.attributes
                0x00000996       0x2e c:/program files (x86)/atmel/studio/7.0/toolchain/arm/arm-gnu-toolchain/bin/../lib/gcc/arm-none-eabi/6.3.1/../../../../arm-none-eabi/lib/thumb/v7e-m\libc_nano.a(lib_a-setbuf.o)
 .ARM.attributes
                0x000009c4       0x2e c:/program files (x86)/atmel/studio/7.0/toolchain/arm/arm-gnu-toolchain/bin/../lib/gcc/arm-none-eabi/6.3.1/../../../../arm-none-eabi/lib/thumb/v7e-m\libc_nano.a(lib_a-setvbuf.o)
 .ARM.attributes
                0x000009f2       0x2e c:/program files (x86)/atmel/studio/7.0/toolchain/arm/arm-gnu-toolchain/bin/../lib/gcc/arm-none-eabi/6.3.1/../../../../arm-none-eabi/lib/thumb/v7e-m\libc_nano.a(lib_a-stdio.o)
 .ARM.attributes
                0x00000a20       0x17 c:/program files (x86)/atmel/studio/7.0/toolchain/arm/arm-gnu-toolchain/bin/../lib/gcc/arm-none-eabi/6.3.1/../../../../arm-none-eabi/lib/thumb/v7e-m\libc_nano.a(lib_a-strlen.o)
 .ARM.attributes
                0x00000a37       0x2e c:/program files (x86)/atmel/studio/7.0/toolchain/arm/arm-gnu-toolchain/bin/../lib/gcc/arm-none-eabi/6.3.1/../../../../arm-none-eabi/lib/thumb/v7e-m\libc_nano.a(lib_a-writer.o)
 .ARM.attributes
                0x00000a65       0x2e c:/program files (x86)/atmel/studio/7.0/toolchain/arm/arm-gnu-toolchain/bin/../lib/gcc/arm-none-eabi/6.3.1/../../../../arm-none-eabi/lib/thumb/v7e-m\libc_nano.a(lib_a-closer.o)
 .ARM.attributes
                0x00000a93       0x2e c:/program files (x86)/atmel/studio/7.0/toolchain/arm/arm-gnu-toolchain/bin/../lib/gcc/arm-none-eabi/6.3.1/../../../../arm-none-eabi/lib/thumb/v7e-m\libc_nano.a(lib_a-dtoa.o)
 .ARM.attributes
                0x00000ac1       0x2e c:/program files (x86)/atmel/studio/7.0/toolchain/arm/arm-gnu-toolchain/bin/../lib/gcc/arm-none-eabi/6.3.1/../../../../arm-none-eabi/lib/thumb/v7e-m\libc_nano.a(lib_a-localeconv.o)
 .ARM.attributes
                0x00000aef       0x2e c:/program files (x86)/atmel/studio/7.0/toolchain/arm/arm-gnu-toolchain/bin/../lib/gcc/arm-none-eabi/6.3.1/../../../../arm-none-eabi/lib/thumb/v7e-m\libc_nano.a(lib_a-lseekr.o)
 .ARM.attributes
                0x00000b1d       0x2e c:/program files (x86)/atmel/studio/7.0/toolchain/arm/arm-gnu-toolchain/bin/../lib/gcc/arm-none-eabi/6.3.1/../../../../arm-none-eabi/lib/thumb/v7e-m\libc_nano.a(lib_a-makebuf.o)
 .ARM.attributes
                0x00000b4b       0x2e c:/program files (x86)/atmel/studio/7.0/toolchain/arm/arm-gnu-toolchain/bin/../lib/gcc/arm-none-eabi/6.3.1/../../../../arm-none-eabi/lib/thumb/v7e-m\libc_nano.a(lib_a-malloc.o)
 .ARM.attributes
                0x00000b79       0x1c c:/program files (x86)/atmel/studio/7.0/toolchain/arm/arm-gnu-toolchain/bin/../lib/gcc/arm-none-eabi/6.3.1/../../../../arm-none-eabi/lib/thumb/v7e-m\libc_nano.a(lib_a-memchr.o)
 .ARM.attributes
                0x00000b95       0x2e c:/program files (x86)/atmel/studio/7.0/toolchain/arm/arm-gnu-toolchain/bin/../lib/gcc/arm-none-eabi/6.3.1/../../../../arm-none-eabi/lib/thumb/v7e-m\libc_nano.a(lib_a-mlock.o)
 .ARM.attributes
                0x00000bc3       0x2e c:/program files (x86)/atmel/studio/7.0/toolchain/arm/arm-gnu-toolchain/bin/../lib/gcc/arm-none-eabi/6.3.1/../../../../arm-none-eabi/lib/thumb/v7e-m\libc_nano.a(lib_a-mprec.o)
 .ARM.attributes
                0x00000bf1       0x2e c:/program files (x86)/atmel/studio/7.0/toolchain/arm/arm-gnu-toolchain/bin/../lib/gcc/arm-none-eabi/6.3.1/../../../../arm-none-eabi/lib/thumb/v7e-m\libc_nano.a(lib_a-nano-callocr.o)
 .ARM.attributes
                0x00000c1f       0x2e c:/program files (x86)/atmel/studio/7.0/toolchain/arm/arm-gnu-toolchain/bin/../lib/gcc/arm-none-eabi/6.3.1/../../../../arm-none-eabi/lib/thumb/v7e-m\libc_nano.a(lib_a-nano-vfprintf.o)
 .ARM.attributes
                0x00000c4d       0x2e c:/program files (x86)/atmel/studio/7.0/toolchain/arm/arm-gnu-toolchain/bin/../lib/gcc/arm-none-eabi/6.3.1/../../../../arm-none-eabi/lib/thumb/v7e-m\libc_nano.a(lib_a-nano-vfscanf.o)
 .ARM.attributes
                0x00000c7b       0x2e c:/program files (x86)/atmel/studio/7.0/toolchain/arm/arm-gnu-toolchain/bin/../lib/gcc/arm-none-eabi/6.3.1/../../../../arm-none-eabi/lib/thumb/v7e-m\libc_nano.a(lib_a-nano-vfscanf_i.o)
 .ARM.attributes
                0x00000ca9       0x2e c:/program files (x86)/atmel/studio/7.0/toolchain/arm/arm-gnu-toolchain/bin/../lib/gcc/arm-none-eabi/6.3.1/../../../../arm-none-eabi/lib/thumb/v7e-m\libc_nano.a(lib_a-readr.o)
 .ARM.attributes
                0x00000cd7       0x2e c:/program files (x86)/atmel/studio/7.0/toolchain/arm/arm-gnu-toolchain/bin/../lib/gcc/arm-none-eabi/6.3.1/../../../../arm-none-eabi/lib/thumb/v7e-m\libc_nano.a(lib_a-reent.o)
 .ARM.attributes
                0x00000d05       0x2e c:/program files (x86)/atmel/studio/7.0/toolchain/arm/arm-gnu-toolchain/bin/../lib/gcc/arm-none-eabi/6.3.1/../../../../arm-none-eabi/lib/thumb/v7e-m\libc_nano.a(lib_a-refill.o)
 .ARM.attributes
                0x00000d33       0x2e c:/program files (x86)/atmel/studio/7.0/toolchain/arm/arm-gnu-toolchain/bin/../lib/gcc/arm-none-eabi/6.3.1/../../../../arm-none-eabi/lib/thumb/v7e-m\libc_nano.a(lib_a-sccl.o)
 .ARM.attributes
                0x00000d61       0x2e c:/program files (x86)/atmel/studio/7.0/toolchain/arm/arm-gnu-toolchain/bin/../lib/gcc/arm-none-eabi/6.3.1/../../../../arm-none-eabi/lib/thumb/v7e-m\libc_nano.a(lib_a-strtol.o)
 .ARM.attributes
                0x00000d8f       0x2e c:/program files (x86)/atmel/studio/7.0/toolchain/arm/arm-gnu-toolchain/bin/../lib/gcc/arm-none-eabi/6.3.1/../../../../arm-none-eabi/lib/thumb/v7e-m\libc_nano.a(lib_a-strtoul.o)
 .ARM.attributes
                0x00000dbd       0x2e c:/program files (x86)/atmel/studio/7.0/toolchain/arm/arm-gnu-toolchain/bin/../lib/gcc/arm-none-eabi/6.3.1/../../../../arm-none-eabi/lib/thumb/v7e-m\libc_nano.a(lib_a-ungetc.o)
 .ARM.attributes
                0x00000deb       0x2e c:/program files (x86)/atmel/studio/7.0/toolchain/arm/arm-gnu-toolchain/bin/../lib/gcc/arm-none-eabi/6.3.1/../../../../arm-none-eabi/lib/thumb/v7e-m\libc_nano.a(lib_a-wbuf.o)
 .ARM.attributes
                0x00000e19       0x2e c:/program files (x86)/atmel/studio/7.0/toolchain/arm/arm-gnu-toolchain/bin/../lib/gcc/arm-none-eabi/6.3.1/../../../../arm-none-eabi/lib/thumb/v7e-m\libc_nano.a(lib_a-wsetup.o)
 .ARM.attributes
                0x00000e47       0x2e c:/program files (x86)/atmel/studio/7.0/toolchain/arm/arm-gnu-toolchain/bin/../lib/gcc/arm-none-eabi/6.3.1/../../../../arm-none-eabi/lib/thumb/v7e-m\libc_nano.a(lib_a-fstatr.o)
 .ARM.attributes
                0x00000e75       0x2e c:/program files (x86)/atmel/studio/7.0/toolchain/arm/arm-gnu-toolchain/bin/../lib/gcc/arm-none-eabi/6.3.1/../../../../arm-none-eabi/lib/thumb/v7e-m\libc_nano.a(lib_a-isattyr.o)
 .ARM.attributes
                0x00000ea3       0x2e c:/program files (x86)/atmel/studio/7.0/toolchain/arm/arm-gnu-toolchain/bin/../lib/gcc/arm-none-eabi/6.3.1/../../../../arm-none-eabi/lib/thumb/v7e-m\libc_nano.a(lib_a-locale.o)
 .ARM.attributes
                0x00000ed1       0x2e c:/program files (x86)/atmel/studio/7.0/toolchain/arm/arm-gnu-toolchain/bin/../lib/gcc/arm-none-eabi/6.3.1/../../../../arm-none-eabi/lib/thumb/v7e-m\libc_nano.a(lib_a-mbtowc_r.o)
 .ARM.attributes
                0x00000eff       0x2e c:/program files (x86)/atmel/studio/7.0/toolchain/arm/arm-gnu-toolchain/bin/../lib/gcc/arm-none-eabi/6.3.1/../../../../arm-none-eabi/lib/thumb/v7e-m\libc_nano.a(lib_a-nano-reallocr.o)
 .ARM.attributes
                0x00000f2d       0x2e c:/program files (x86)/atmel/studio/7.0/toolchain/arm/arm-gnu-toolchain/bin/../lib/gcc/arm-none-eabi/6.3.1/../../../../arm-none-eabi/lib/thumb/v7e-m\libc_nano.a(lib_a-wctomb_r.o)
 .ARM.attributes
                0x00000f5b       0x2e c:/program files (x86)/atmel/studio/7.0/toolchain/arm/arm-gnu-toolchain/bin/../lib/gcc/arm-none-eabi/6.3.1/../../../../arm-none-eabi/lib/thumb/v7e-m\libc_nano.a(lib_a-ctype_.o)
 .ARM.attributes
                0x00000f89       0x2e c:/program files (x86)/atmel/studio/7.0/toolchain/arm/arm-gnu-toolchain/bin/../lib/gcc/arm-none-eabi/6.3.1/../../../../arm-none-eabi/lib/thumb/v7e-m\libc_nano.a(lib_a-nano-msizer.o)
 .ARM.attributes
                0x00000fb7       0x1e c:/program files (x86)/atmel/studio/7.0/toolchain/arm/arm-gnu-toolchain/bin/../lib/gcc/arm-none-eabi/6.3.1/thumb/v7e-m\libgcc.a(_arm_addsubdf3.o)
 .ARM.attributes
                0x00000fd5       0x1e c:/program files (x86)/atmel/studio/7.0/toolchain/arm/arm-gnu-toolchain/bin/../lib/gcc/arm-none-eabi/6.3.1/thumb/v7e-m\libgcc.a(_arm_muldivdf3.o)
 .ARM.attributes
                0x00000ff3       0x1e c:/program files (x86)/atmel/studio/7.0/toolchain/arm/arm-gnu-toolchain/bin/../lib/gcc/arm-none-eabi/6.3.1/thumb/v7e-m\libgcc.a(_arm_cmpdf2.o)
 .ARM.attributes
                0x00001011       0x1e c:/program files (x86)/atmel/studio/7.0/toolchain/arm/arm-gnu-toolchain/bin/../lib/gcc/arm-none-eabi/6.3.1/thumb/v7e-m\libgcc.a(_arm_unorddf2.o)
 .ARM.attributes
                0x0000102f       0x1e c:/program files (x86)/atmel/studio/7.0/toolchain/arm/arm-gnu-toolchain/bin/../lib/gcc/arm-none-eabi/6.3.1/thumb/v7e-m\libgcc.a(_arm_fixdfsi.o)
 .ARM.attributes
                0x0000104d       0x1e c:/program files (x86)/atmel/studio/7.0/toolchain/arm/arm-gnu-toolchain/bin/../lib/gcc/arm-none-eabi/6.3.1/thumb/v7e-m\libgcc.a(_arm_fixunsdfsi.o)
 .ARM.attributes
                0x0000106b       0x1e c:/program files (x86)/atmel/studio/7.0/toolchain/arm/arm-gnu-toolchain/bin/../lib/gcc/arm-none-eabi/6.3.1/thumb/v7e-m\libgcc.a(_arm_truncdfsf2.o)
 .ARM.attributes
                0x00001089       0x1e c:/program files (x86)/atmel/studio/7.0/toolchain/arm/arm-gnu-toolchain/bin/../lib/gcc/arm-none-eabi/6.3.1/thumb/v7e-m/crtn.o

.comment        0x00000000       0x59
 .comment       0x00000000       0x59 src/app/app.o
                                 0x5a (size before relaxing)
 .comment       0x00000059       0x5a src/app/uart_cli.o
 .comment       0x00000059       0x5a src/ASF/common/sleepmgr/sam/sleepmgr.o
 .comment       0x00000059       0x5a src/ASF/common/utils/stdio/read.o
 .comment       0x00000059       0x5a src/ASF/common/utils/stdio/write.o
 .comment       0x00000059       0x5a src/ASF/sam/drivers/adc/adc2.o
 .comment       0x00000059       0x5a src/ASF/sam/drivers/flexcom/flexcom.o
 .comment       0x00000059       0x5a src/ASF/sam/drivers/pio/pio.o
 .comment       0x00000059       0x5a src/ASF/sam/drivers/pio/pio_handler.o
 .comment       0x00000059       0x5a src/ASF/sam/drivers/tc/tc.o
 .comment       0x00000059       0x5a src/ASF/sam/drivers/usart/usart.o
 .comment       0x00000059       0x5a src/ASF/thirdparty/freertos/freertos-7.3.0/source/list.o
 .comment       0x00000059       0x5a src/ASF/thirdparty/freertos/freertos-7.3.0/source/portable/gcc/sam_cm4f/port.o
 .comment       0x00000059       0x5a src/ASF/thirdparty/freertos/freertos-7.3.0/source/tasks.o
 .comment       0x00000059       0x5a src/bsp/board_init.o
 .comment       0x00000059       0x5a src/ASF/common/services/clock/samg/sysclk.o
 .comment       0x00000059       0x5a src/ASF/common/utils/interrupt/interrupt_sam_nvic.o
 .comment       0x00000059       0x5a src/ASF/sam/drivers/efc/efc.o
 .comment       0x00000059       0x5a src/ASF/sam/drivers/pmc/pmc.o
 .comment       0x00000059       0x5a src/ASF/sam/drivers/supc/supc.o
 .comment       0x00000059       0x5a src/ASF/sam/utils/cmsis/samg/samg55/source/templates/gcc/startup_samg55.o
 .comment       0x00000059       0x5a src/ASF/sam/utils/cmsis/samg/samg55/source/templates/system_samg55.o
 .comment       0x00000059       0x5a src/ASF/sam/utils/syscalls/gcc/syscalls.o
 .comment       0x00000059       0x5a src/main.o

.debug_info     0x00000000    0x1d80e
 .debug_info    0x00000000     0x27db src/app/app.o
 .debug_info    0x000027db     0x17b1 src/app/uart_cli.o
 .debug_info    0x00003f8c      0xa8e src/ASF/common/sleepmgr/sam/sleepmgr.o
 .debug_info    0x00004a1a      0xac9 src/ASF/common/utils/stdio/read.o
 .debug_info    0x000054e3      0xac6 src/ASF/common/utils/stdio/write.o
 .debug_info    0x00005fa9     0x1e72 src/ASF/sam/drivers/adc/adc2.o
 .debug_info    0x00007e1b     0x1488 src/ASF/sam/drivers/flexcom/flexcom.o
 .debug_info    0x000092a3     0x1de0 src/ASF/sam/drivers/pio/pio.o
 .debug_info    0x0000b083     0x180a src/ASF/sam/drivers/pio/pio_handler.o
 .debug_info    0x0000c88d     0x11e6 src/ASF/sam/drivers/tc/tc.o
 .debug_info    0x0000da73     0x22ec src/ASF/sam/drivers/usart/usart.o
 .debug_info    0x0000fd5f      0xbbd src/ASF/thirdparty/freertos/freertos-7.3.0/source/list.o
 .debug_info    0x0001091c      0xccc src/ASF/thirdparty/freertos/freertos-7.3.0/source/portable/gcc/sam_cm4f/port.o
 .debug_info    0x000115e8     0x2436 src/ASF/thirdparty/freertos/freertos-7.3.0/source/tasks.o
 .debug_info    0x00013a1e     0x13bf src/bsp/board_init.o
 .debug_info    0x00014ddd     0x1309 src/ASF/common/services/clock/samg/sysclk.o
 .debug_info    0x000160e6      0xaff src/ASF/common/utils/interrupt/interrupt_sam_nvic.o
 .debug_info    0x00016be5     0x10c8 src/ASF/sam/drivers/efc/efc.o
 .debug_info    0x00017cad     0x1bb5 src/ASF/sam/drivers/pmc/pmc.o
 .debug_info    0x00019862      0xe23 src/ASF/sam/drivers/supc/supc.o
 .debug_info    0x0001a685     0x1382 src/ASF/sam/utils/cmsis/samg/samg55/source/templates/gcc/startup_samg55.o
 .debug_info    0x0001ba07      0x53e src/ASF/sam/utils/cmsis/samg/samg55/source/templates/system_samg55.o
 .debug_info    0x0001bf45      0xdb0 src/ASF/sam/utils/syscalls/gcc/syscalls.o
 .debug_info    0x0001ccf5      0xb19 src/main.o

.debug_abbrev   0x00000000     0x46be
 .debug_abbrev  0x00000000      0x450 src/app/app.o
 .debug_abbrev  0x00000450      0x3c5 src/app/uart_cli.o
 .debug_abbrev  0x00000815      0x1b2 src/ASF/common/sleepmgr/sam/sleepmgr.o
 .debug_abbrev  0x000009c7      0x1fe src/ASF/common/utils/stdio/read.o
 .debug_abbrev  0x00000bc5      0x1e9 src/ASF/common/utils/stdio/write.o
 .debug_abbrev  0x00000dae      0x51f src/ASF/sam/drivers/adc/adc2.o
 .debug_abbrev  0x000012cd      0x346 src/ASF/sam/drivers/flexcom/flexcom.o
 .debug_abbrev  0x00001613      0x3ee src/ASF/sam/drivers/pio/pio.o
 .debug_abbrev  0x00001a01      0x34d src/ASF/sam/drivers/pio/pio_handler.o
 .debug_abbrev  0x00001d4e      0x2a0 src/ASF/sam/drivers/tc/tc.o
 .debug_abbrev  0x00001fee      0x406 src/ASF/sam/drivers/usart/usart.o
 .debug_abbrev  0x000023f4      0x221 src/ASF/thirdparty/freertos/freertos-7.3.0/source/list.o
 .debug_abbrev  0x00002615      0x33c src/ASF/thirdparty/freertos/freertos-7.3.0/source/portable/gcc/sam_cm4f/port.o
 .debug_abbrev  0x00002951      0x3a8 src/ASF/thirdparty/freertos/freertos-7.3.0/source/tasks.o
 .debug_abbrev  0x00002cf9      0x304 src/bsp/board_init.o
 .debug_abbrev  0x00002ffd      0x322 src/ASF/common/services/clock/samg/sysclk.o
 .debug_abbrev  0x0000331f      0x221 src/ASF/common/utils/interrupt/interrupt_sam_nvic.o
 .debug_abbrev  0x00003540      0x3b8 src/ASF/sam/drivers/efc/efc.o
 .debug_abbrev  0x000038f8      0x35c src/ASF/sam/drivers/pmc/pmc.o
 .debug_abbrev  0x00003c54      0x24e src/ASF/sam/drivers/supc/supc.o
 .debug_abbrev  0x00003ea2      0x2d5 src/ASF/sam/utils/cmsis/samg/samg55/source/templates/gcc/startup_samg55.o
 .debug_abbrev  0x00004177      0x102 src/ASF/sam/utils/cmsis/samg/samg55/source/templates/system_samg55.o
 .debug_abbrev  0x00004279      0x264 src/ASF/sam/utils/syscalls/gcc/syscalls.o
 .debug_abbrev  0x000044dd      0x1e1 src/main.o

.debug_loc      0x00000000     0x6852
 .debug_loc     0x00000000      0x348 src/app/app.o
 .debug_loc     0x00000348      0x552 src/app/uart_cli.o
 .debug_loc     0x0000089a       0xb3 src/ASF/common/utils/stdio/read.o
 .debug_loc     0x0000094d      0x12b src/ASF/common/utils/stdio/write.o
 .debug_loc     0x00000a78      0x59d src/ASF/sam/drivers/adc/adc2.o
 .debug_loc     0x00001015      0x3c6 src/ASF/sam/drivers/flexcom/flexcom.o
 .debug_loc     0x000013db      0xb8a src/ASF/sam/drivers/pio/pio.o
 .debug_loc     0x00001f65      0x531 src/ASF/sam/drivers/pio/pio_handler.o
 .debug_loc     0x00002496      0x562 src/ASF/sam/drivers/tc/tc.o
 .debug_loc     0x000029f8      0xff7 src/ASF/sam/drivers/usart/usart.o
 .debug_loc     0x000039ef       0xa8 src/ASF/thirdparty/freertos/freertos-7.3.0/source/list.o
 .debug_loc     0x00003a97      0x10e src/ASF/thirdparty/freertos/freertos-7.3.0/source/portable/gcc/sam_cm4f/port.o
 .debug_loc     0x00003ba5     0x14ba src/ASF/thirdparty/freertos/freertos-7.3.0/source/tasks.o
 .debug_loc     0x0000505f      0x100 src/bsp/board_init.o
 .debug_loc     0x0000515f      0x184 src/ASF/common/services/clock/samg/sysclk.o
 .debug_loc     0x000052e3      0x5bf src/ASF/sam/drivers/efc/efc.o
 .debug_loc     0x000058a2      0xc7c src/ASF/sam/drivers/pmc/pmc.o
 .debug_loc     0x0000651e      0x1a0 src/ASF/sam/drivers/supc/supc.o
 .debug_loc     0x000066be       0x77 src/ASF/sam/utils/cmsis/samg/samg55/source/templates/gcc/startup_samg55.o
 .debug_loc     0x00006735       0xfd src/ASF/sam/utils/syscalls/gcc/syscalls.o
 .debug_loc     0x00006832       0x20 src/main.o

.debug_aranges  0x00000000      0xd48
 .debug_aranges
                0x00000000       0x60 src/app/app.o
 .debug_aranges
                0x00000060       0x58 src/app/uart_cli.o
 .debug_aranges
                0x000000b8       0x18 src/ASF/common/sleepmgr/sam/sleepmgr.o
 .debug_aranges
                0x000000d0       0x20 src/ASF/common/utils/stdio/read.o
 .debug_aranges
                0x000000f0       0x20 src/ASF/common/utils/stdio/write.o
 .debug_aranges
                0x00000110       0x88 src/ASF/sam/drivers/adc/adc2.o
 .debug_aranges
                0x00000198       0x48 src/ASF/sam/drivers/flexcom/flexcom.o
 .debug_aranges
                0x000001e0      0x168 src/ASF/sam/drivers/pio/pio.o
 .debug_aranges
                0x00000348       0x48 src/ASF/sam/drivers/pio/pio_handler.o
 .debug_aranges
                0x00000390       0xb0 src/ASF/sam/drivers/tc/tc.o
 .debug_aranges
                0x00000440      0x258 src/ASF/sam/drivers/usart/usart.o
 .debug_aranges
                0x00000698       0x40 src/ASF/thirdparty/freertos/freertos-7.3.0/source/list.o
 .debug_aranges
                0x000006d8       0x88 src/ASF/thirdparty/freertos/freertos-7.3.0/source/portable/gcc/sam_cm4f/port.o
 .debug_aranges
                0x00000760      0x130 src/ASF/thirdparty/freertos/freertos-7.3.0/source/tasks.o
 .debug_aranges
                0x00000890       0x20 src/bsp/board_init.o
 .debug_aranges
                0x000008b0       0x30 src/ASF/common/services/clock/samg/sysclk.o
 .debug_aranges
                0x000008e0       0x28 src/ASF/common/utils/interrupt/interrupt_sam_nvic.o
 .debug_aranges
                0x00000908       0x90 src/ASF/sam/drivers/efc/efc.o
 .debug_aranges
                0x00000998      0x240 src/ASF/sam/drivers/pmc/pmc.o
 .debug_aranges
                0x00000bd8       0x98 src/ASF/sam/drivers/supc/supc.o
 .debug_aranges
                0x00000c70       0x28 src/ASF/sam/utils/cmsis/samg/samg55/source/templates/gcc/startup_samg55.o
 .debug_aranges
                0x00000c98       0x30 src/ASF/sam/utils/cmsis/samg/samg55/source/templates/system_samg55.o
 .debug_aranges
                0x00000cc8       0x60 src/ASF/sam/utils/syscalls/gcc/syscalls.o
 .debug_aranges
                0x00000d28       0x20 src/main.o

.debug_ranges   0x00000000      0xcd0
 .debug_ranges  0x00000000       0x50 src/app/app.o
 .debug_ranges  0x00000050       0x48 src/app/uart_cli.o
 .debug_ranges  0x00000098       0x10 src/ASF/common/utils/stdio/read.o
 .debug_ranges  0x000000a8       0x10 src/ASF/common/utils/stdio/write.o
 .debug_ranges  0x000000b8       0x78 src/ASF/sam/drivers/adc/adc2.o
 .debug_ranges  0x00000130       0x68 src/ASF/sam/drivers/flexcom/flexcom.o
 .debug_ranges  0x00000198      0x170 src/ASF/sam/drivers/pio/pio.o
 .debug_ranges  0x00000308       0x50 src/ASF/sam/drivers/pio/pio_handler.o
 .debug_ranges  0x00000358       0xa0 src/ASF/sam/drivers/tc/tc.o
 .debug_ranges  0x000003f8      0x248 src/ASF/sam/drivers/usart/usart.o
 .debug_ranges  0x00000640       0x30 src/ASF/thirdparty/freertos/freertos-7.3.0/source/list.o
 .debug_ranges  0x00000670       0x78 src/ASF/thirdparty/freertos/freertos-7.3.0/source/portable/gcc/sam_cm4f/port.o
 .debug_ranges  0x000006e8      0x1d0 src/ASF/thirdparty/freertos/freertos-7.3.0/source/tasks.o
 .debug_ranges  0x000008b8       0x10 src/bsp/board_init.o
 .debug_ranges  0x000008c8       0x20 src/ASF/common/services/clock/samg/sysclk.o
 .debug_ranges  0x000008e8       0x18 src/ASF/common/utils/interrupt/interrupt_sam_nvic.o
 .debug_ranges  0x00000900       0x80 src/ASF/sam/drivers/efc/efc.o
 .debug_ranges  0x00000980      0x230 src/ASF/sam/drivers/pmc/pmc.o
 .debug_ranges  0x00000bb0       0x88 src/ASF/sam/drivers/supc/supc.o
 .debug_ranges  0x00000c38       0x18 src/ASF/sam/utils/cmsis/samg/samg55/source/templates/gcc/startup_samg55.o
 .debug_ranges  0x00000c50       0x20 src/ASF/sam/utils/cmsis/samg/samg55/source/templates/system_samg55.o
 .debug_ranges  0x00000c70       0x50 src/ASF/sam/utils/syscalls/gcc/syscalls.o
 .debug_ranges  0x00000cc0       0x10 src/main.o

.debug_macro    0x00000000    0x1955e
 .debug_macro   0x00000000      0x8a1 src/app/app.o
 .debug_macro   0x000008a1      0x8d4 src/app/app.o
 .debug_macro   0x00001175      0x16d src/app/app.o
 .debug_macro   0x000012e2       0x46 src/app/app.o
 .debug_macro   0x00001328       0x22 src/app/app.o
 .debug_macro   0x0000134a       0x87 src/app/app.o
 .debug_macro   0x000013d1       0x51 src/app/app.o
 .debug_macro   0x00001422       0xef src/app/app.o
 .debug_macro   0x00001511       0x6a src/app/app.o
 .debug_macro   0x0000157b      0x1df src/app/app.o
 .debug_macro   0x0000175a       0xff src/app/app.o
 .debug_macro   0x00001859       0xab src/app/app.o
 .debug_macro   0x00001904       0x12 src/app/app.o
 .debug_macro   0x00001916       0x1f src/app/app.o
 .debug_macro   0x00001935      0x1d2 src/app/app.o
 .debug_macro   0x00001b07      0x71d src/app/app.o
 .debug_macro   0x00002224       0x76 src/app/app.o
 .debug_macro   0x0000229a       0x16 src/app/app.o
 .debug_macro   0x000022b0      0x6da src/app/app.o
 .debug_macro   0x0000298a       0x2d src/app/app.o
 .debug_macro   0x000029b7       0x1c src/app/app.o
 .debug_macro   0x000029d3       0x22 src/app/app.o
 .debug_macro   0x000029f5       0xdf src/app/app.o
 .debug_macro   0x00002ad4     0x102d src/app/app.o
 .debug_macro   0x00003b01      0x11f src/app/app.o
 .debug_macro   0x00003c20      0x7b1 src/app/app.o
 .debug_macro   0x000043d1      0x19c src/app/app.o